"schema_version":1,"sequence":7,"uptime_us":62265371,"utc_valid":true,"utc":"2026-01-06T21:16:58Z","source":"m1","event":"status","mode":"normal","status":"OK","device_id":"c1810c76790e","app":"7bae861-dirty","idf":"v6.0.2","toolchain":"gcc-15.2.0","image_ESP-ROM:esp32s3-20210327
Build:Mar 27 2021
rst:0x15 (USB_UART_CHIP_RESET),boot:0x8 (SPI_FAST_FLASH_BOOT)
Saved PC:0x4037dece
SPIWP:0xee
mode:DIO, clock div:1
load:0x3fce2820,len:0x16bc
load:0x403c8700,len:0xf00
load:0x403cb700,len:0x3238
entry 0x403c892c
I (24) boot: ESP-IDF v6.0.2 2nd stage bootloader
I (24) boot: compile time Aug 31 2026 06:30:58
I (25) boot: Multicore bootloader
I (25) boot: chip revision: v0.2
I (25) boot: efuse block revision: v1.4
I (25) qio_mode: Enabling default flash chip QIO
I (25) boot.esp32s3: Boot SPI Speed : 80MHz
I (26) boot.esp32s3: SPI Mode       : QIO
I (26) boot.esp32s3: SPI Flash Size : 16MB
I (26) boot: Enabling RNG early entropy source...
I (26) boot: Partition Table:
I (26) boot: ## Label            Usage          Type ST Offset   Length
I (27) boot:  0 nvs              WiFi data        01 02 00009000 00014000
I (27) boot:  1 nvs_keys         NVS keys         01 04 0001d000 00001000
I (27) boot:  2 otadata          OTA data         01 00 0001e000 00002000
I (28) boot:  3 coredump         Unknown data     01 03 00020000 00020000
I (28) boot:  4 ota_0            OTA app          00 10 00040000 00500000
I (29) boot:  5 ota_1            OTA app          00 11 00540000 00500000
I (29) boot:  6 plugin_fs        Unknown data     01 83 00a40000 004c0000
I (29) boot:  7 system_fs        Unknown data     01 83 00f00000 00100000
I (30) boot: End of partition table
I (30) esp_image: segment 0: paddr=00040020 vaddr=3c100020 size=3af54h (241492) map
I (68) esp_image: segment 1: paddr=0007af7c vaddr=3fc9cc00 size=0509ch ( 20636) load
I (72) esp_image: segment 2: paddr=00080020 vaddr=42000020 size=f5df0h (1007088) map
I (228) esp_image: segment 3: paddr=00175e18 vaddr=3fca1c9c size=00b44h (  2884) load
I (229) esp_image: segment 4: paddr=00176964 vaddr=40374000 size=18b60h (101216) load
I (250) esp_image: segment 5: paddr=0018f4cc vaddr=50000000 size=00024h (    36) load
I (261) boot: Loaded app from partition at offset 0x40000
I (261) boot: Disabling RNG early entropy source...
I (262) octal_psram: vendor id    : 0x0d (AP)
I (262) octal_psram: dev id       : 0x02 (generation 3)
I (262) octal_psram: density      : 0x03 (64 Mbit)
I (263) octal_psram: good-die     : 0x01 (Pass)
I (263) octal_psram: Latency      : 0x01 (Fixed)
I (263) octal_psram: VCC          : 0x01 (3V)
I (263) octal_psram: SRF          : 0x01 (Fast Refresh)
I (263) octal_psram: BurstType    : 0x01 (Hybrid Wrap)
I (264) octal_psram: BurstLen     : 0x01 (32 Byte)
I (264) octal_psram: Readlatency  : 0x02 (10 cycles@Fixed)
I (264) octal_psram: DriveStrength: 0x00 (1/1)
I (264) MSPI Timing: Enter psram timing tuning
I (265) esp_psram: Found 8MB PSRAM device
I (265) esp_psram: Speed: 80MHz
I (266) cpu_start: Multicore app
ESP-ROM:esp32s3-20210327
Build:Mar 27 2021
rst:0x15 (USB_UART_CHIP_RESET),boot:0x8 (SPI_FAST_FLASH_BOOT)
Saved PC:0x4200a130
SPIWP:0xee
mode:DIO, clock div:1
load:0x3fce2820,len:0x16bc
load:0x403c8700,len:0xf00
load:0x403cb700,len:0x3238
entry 0x403c892c
I (24) boot: ESP-IDF v6.0.2 2nd stage bootloader
I (24) boot: compile time Aug 31 2026 06:30:58
I (25) boot: Multicore bootloader
I (25) boot: chip revision: v0.2
I (25) boot: efuse block revision: v1.4
I (25) qio_mode: Enabling default flash chip QIO
I (25) boot.esp32s3: Boot SPI Speed : 80MHz
I (26) boot.esp32s3: SPI Mode       : QIO
I (26) boot.esp32s3: SPI Flash Size : 16MB
I (26) boot: Enabling RNG early entropy source...
I (26) boot: Partition Table:
I (26) boot: ## Label            Usage          Type ST Offset   Length
I (27) boot:  0 nvs              WiFi data        01 02 00009000 00014000
I (27) boot:  1 nvs_keys         NVS keys         01 04 0001d000 00001000
I (27) boot:  2 otadata          OTA data         01 00 0001e000 00002000
I (28) boot:  3 coredump         Unknown data     01 03 00020000 00020000
I (28) boot:  4 ota_0            OTA app          00 10 00040000 00500000
I (29) boot:  5 ota_1            OTA app          00 11 00540000 00500000
I (29) boot:  6 plugin_fs        Unknown data     01 83 00a40000 004c0000
I (29) boot:  7 system_fs        Unknown data     01 83 00f00000 00100000
I (30) boot: End of partition table
I (30) esp_image: segment 0: paddr=00040020 vaddr=3c100020 size=3af54h (241492) map
I (68) esp_image: segment 1: paddr=0007af7c vaddr=3fc9cc00 size=0509ch ( 20636) load
I (72) esp_image: segment 2: paddr=00080020 vaddr=42000020 size=f5df0h (1007088) map
I (228) esp_image: segment 3: paddr=00175e18 vaddr=3fca1c9c size=00b44h (  2884) load
I (229) esp_image: segment 4: paddr=00176964 vaddr=40374000 size=18b60h (101216) load
I (250) esp_image: segment 5: paddr=0018f4cc vaddr=50000000 size=00024h (    36) load
I (261) boot: Loaded app from partition at offset 0x40000
I (261) boot: Disabling RNG early entropy source...
I (262) octal_psram: vendor id    : 0x0d (AP)
I (262) octal_psram: dev id       : 0x02 (generation 3)
I (262) octal_psram: density      : 0x03 (64 Mbit)
I (263) octal_psram: good-die     : 0x01 (Pass)
I (263) octal_psram: Latency      : 0x01 (Fixed)
I (263) octal_psram: VCC          : 0x01 (3V)
I (263) octal_psram: SRF          : 0x01 (Fast Refresh)
I (263) octal_psram: BurstType    : 0x01 (Hybrid Wrap)
I (264) octal_psram: BurstLen     : 0x01 (32 Byte)
I (264) octal_psram: Readlatency  : 0x02 (10 cycles@Fixed)
I (264) octal_psram: DriveStrength: 0x00 (1/1)
I (264) MSPI Timing: Enter psram timing tuning
I (265) esp_psram: Found 8MB PSRAM device
I (265) esp_psram: Speed: 80MHz
I (266) cpu_start: Multicore app
I (692) esp_psram: SPI SRAM memory test OK
I (700) cpu_start: Pro cpu start user code
I (700) cpu_start: cpu freq: 240000000 Hz
I (701) app_init: Application information:
I (701) app_init: Project name:     frame_m1_hardware
I (701) app_init: App version:      7bae861-dirty
I (701) app_init: Compile time:     Aug 31 2026 06:36:52
I (701) app_init: ELF file SHA256:  b1ddd8346...
I (701) app_init: ESP-IDF:          v6.0.2
I (701) efuse_init: Min chip rev:     v0.0
I (702) efuse_init: Max chip rev:     v0.99 
I (702) efuse_init: Chip rev:         v0.2
I (702) heap_init: Initializing. RAM available for dynamic allocation:
I (702) heap_init: At 3FCB8370 len 000313A0 (196 KiB): RAM
I (702) heap_init: At 3FCE9710 len 00005724 (21 KiB): RAM
I (702) heap_init: At 3FCF0000 len 00008000 (32 KiB): DRAM
I (703) heap_init: At 600FE000 len 00001FE8 (7 KiB): RTCRAM
I (703) esp_psram: Adding pool of 8192K of PSRAM memory to heap allocator
I (704) spi_flash: detected chip: generic
I (704) spi_flash: flash io: qio
I (704) sleep_gpio: Configure to isolate all GPIO pins in sleep state
I (705) sleep_gpio: Enable automatic switching of GPIO sleep configuration
I (705) esp_core_dump_flash: Init core dump to flash
I (705) esp_core_dump_flash: Found partition 'coredump' @ 20000 131072 bytes
I (723) esp_core_dump_flash: Core dump data checksum is correct
I (723) esp_core_dump_flash: Found core dump 19328 bytes in flash @ 0x20000
I (724) main_task: Started on CPU0
I (724) esp_psram: Reserving pool of 32K of internal memory for DMA/internal allocations
I (725) main_task: Calling app_main()
I (785) frame-m1: Frame M1 0.1.0-dev.1; IDF v6.0.2; toolchain gcc-15.2.0
I (785) frame-m1: board=Waveshare ESP32-S3-RLCD-4.2 module=ESP32-S3-WROOM-1-N16R8 device=c1810c76790e
I (786) frame-m1: cores=2 flash=16777216 psram=8388608 part=OK reset=11 image_sha256=241d3a2af0a480ce
I (807) frame-prov: system_fs mounted
I (809) pp: pp rom version: e7ae62f
I (809) net80211: net80211 rom version: e7ae62f
I (811) wifi:wifi driver task: 3fcc7f54, prio:23, stack:6656, core=0
I (818) wifi:wifi firmware version: 00ad238
I (818) wifi:wifi certification version: v7.0
I (818) wifi:config NVS flash: enabled
I (818) wifi:config nano formatting: disabled
I (818) wifi:Init data frame dynamic rx buffer num: 32
I (819) wifi:Init static rx mgmt buffer num: 5
I (819) wifi:Init management short buffer num: 32
I (819) wifi:Init dynamic tx buffer num: 32
I (819) wifi:Init static tx FG buffer num: 2
I (819) wifi:Init static rx buffer size: 1600
I (819) wifi:Init static rx buffer num: 10
I (820) wifi:Init dynamic rx buffer num: 32
I (820) wifi_init: rx ba win: 6
I (820) wifi_init: accept mbox: 6
I (821) wifi_init: tcpip mbox: 32
I (821) wifi_init: udp mbox: 6
I (821) wifi_init: tcp mbox: 6
I (821) wifi_init: tcp tx win: 5760
I (821) wifi_init: tcp rx win: 5760
I (821) wifi_init: tcp mss: 1440
I (821) wifi_init: WiFi IRAM OP enabled
I (821) wifi_init: WiFi RX IRAM OP enabled
I (822) phy_init: phy_version 712,87e8c20e,Apr 13 2026,18:51:10
W (845) SD_HOST: input line delay not supported, fallback to 0 delay
I (857) wifi:mode : sta (a4:cb:8f:cf:cd:5c)
I (857) wifi:enable tsf
{"schema_version":1,"sequence":1,"uptime_us":2169361,"utc_valid":true,"utc":"2026-01-06T21:17:02Z","source":"m1","event":"status","mode":"normal","status":"FAILED","device_id":"c1810c76790e","app":"7bae861-dirty","idf":"v6.0.2","toolchain":"gcc-15.2.0","image_sha256":"241d3a2af0a480ce6af1d128c9623531058a1bcccd7c6396e95928c815ff36c5","partitions":true,"reset_reason":11,"tf":"READY","wifi":"UNCONFIG","ap_setup":false,"rtc":true,"shtc3":true,"sensor_valid":true,"temperature_tenths_c":296,"humidity_tenths_percent":387,"key_short":0,"key_long":0,"crc32c":"dea11202"}
[5n
Type 'help' to get the list of commands.
Use UP/DOWN arrows to navigate through command history.
Press TAB when typing command name to auto-complete.

Your terminal application does not support escape sequences.

Line editing and history features are disabled.

On Windows, try using Windows Terminal or Putty instead.
I (3652) frame-prov: wifi provision pending
frame>  I (3656) wifi:flush txq
I (3657) wifi:stop sw txq
I (3657) wifi:lmac stop hw txq
I (3660) wifi:mode : sta (a4:cb:8f:cf:cd:5c) + softAP (a4:cb:8f:cf:cd:5d)
I (3661) wifi:enable tsf
I (3662) wifi:Total power save buffer number: 16
I (3663) wifi:Init max length of beacon: 752/752
I (3664) wifi:Init max length of beacon: 752/752
I (3667) esp_netif_lwip: DHCP server started on interface WIFI_AP_DEF with IP: 192.168.4.1
I (3668) frame-prov: provision AP up Frame-Setup-790e at 192.168.4.1
I (3670) frame-m1: services board=ESP_OK storage=ESP_OK wifi=ESP_OK display=ESP_OK console=ESP_OK
I (3671) frame-m1: provision mount=ESP_OK saved=ESP_OK
I (3672) main_task: Returned from app_main()

frame>  
frame>  {"schema_version":1,"sequence":2,"uptime_us":12181359,"utc_valid":true,"utc":"2026-01-06T21:17:12Z","source":"m1","event":"status","mode":"normal","status":"OK","device_id":"c1810c76790e","app":"7bae861-dirty","idf":"v6.0.2","toolchain":"gcc-15.2.0","image_sha256":"241d3a2af0a480ce6af1d128c9623531058a1bcccd7c6396e95928c815ff36c5","partitions":true,"reset_reason":11,"tf":"READY","wifi":"UNCONFIG","ap_setup":true,"rtc":true,"shtc3":true,"sensor_valid":true,"temperature_tenths_c":295,"humidity_tenths_percent":387,"key_short":0,"key_long":0,"crc32c":"1c6b9469"}
prov scan
 1) ChinaNet-ToT                      -36 dBm  secure
 2) FU                                -69 dBm  secure
 3) 4-1-5                             -74 dBm  secure
 4) zhuqiang                          -75 dBm  secure
 5) Xiaomitmd                         -88 dBm  secure
 6) ChinaNet-纪老二                -88 dBm  secure
 7) ChinaNet-7t7t                     -89 dBm  secure
 8) CMCC-EHdA                         -89 dBm  secure
 9) IPCS49B2652729605                 -90 dBm  secure
10) ChinaNet-方寸文章             -90 dBm  secure
11) zhangzhang                        -91 dBm  secure
12) ChinaNet-413                      -95 dBm  secure
frame>  
frame>  wifi set ChinaNet-ToT
Password (input is not stored): wifi set: ESP_OK; credentials remain in RAM only
frame>  {"schema_version":1,"sequence":3,"uptime_us":22197372,"utc_valid":true,"utc":"2026-01-06T21:17:22Z","source":"m1","event":"status","mode":"normal","status":"OK","device_id":"c1810c76790e","app":"7bae861-dirty","idf":"v6.0.2","toolchain":"gcc-15.2.0","image_sha256":"241d3a2af0a480ce6af1d128c9623531058a1bcccd7c6396e95928c815ff36c5","partitions":true,"reset_reason":11,"tf":"READY","wifi":"CONNECTING","ap_setup":true,"rtc":true,"shtc3":true,"sensor_valid":true,"temperature_tenths_c":296,"humidity_tenths_percent":387,"key_short":0,"key_long":0,"crc32c":"8bdffb1c"}
I (25722) wifi:ap channel adjust o:1,1 n:11,2
I (25723) wifi:new:<11,0>, old:<1,1>, ap:<11,2>, sta:<11,0>, prof:1, snd_ch_cfg:0x0
I (25725) wifi:state: init -> auth (0xb0)
I (25730) wifi:state: auth -> assoc (0x0)
I (25736) wifi:state: assoc -> run (0x10)
I (28761) wifi:state: run -> init (0x2c0)
I (28762) wifi:new:<11,2>, old:<11,0>, ap:<11,2>, sta:<11,0>, prof:1, snd_ch_cfg:0x0
I (28764) wifi:state: init -> auth (0xb0)
I (28771) wifi:state: auth -> assoc (0x0)
I (28782) wifi:state: assoc -> run (0x10)
I (31798) wifi:state: run -> init (0x2c0)
I (31799) wifi:new:<11,0>, old:<11,2>, ap:<11,2>, sta:<11,0>, prof:1, snd_ch_cfg:0x0
{"schema_version":1,"sequence":4,"uptime_us":32214374,"utc_valid":true,"utc":"2026-01-06T21:17:32Z","source":"m1","event":"status","mode":"normal","status":"OK","device_id":"c1810c76790e","app":"7bae861-dirty","idf":"v6.0.2","toolchain":"gcc-15.2.0","image_sha256":"241d3a2af0a480ce6af1d128c9623531058a1bcccd7c6396e95928c815ff36c5","partitions":true,"reset_reason":11,"tf":"READY","wifi":"DISCONNECTED","ap_setup":true,"rtc":true,"shtc3":true,"sensor_valid":true,"temperature_tenths_c":295,"humidity_tenths_percent":388,"key_short":0,"key_long":0,"crc32c":"b7cd52d2"}
I (34634) wifi:new:<11,2>, old:<11,0>, ap:<11,2>, sta:<11,0>, prof:1, snd_ch_cfg:0x0
I (34636) wifi:state: init -> auth (0xb0)
I (34643) wifi:state: auth -> assoc (0x0)
I (34649) wifi:state: assoc -> run (0x10)
I (37672) wifi:state: run -> init (0x2c0)
I (37673) wifi:new:<11,0>, old:<11,2>, ap:<11,2>, sta:<11,0>, prof:1, snd_ch_cfg:0x0
I (37675) wifi:new:<11,2>, old:<11,0>, ap:<11,2>, sta:<11,0>, prof:1, snd_ch_cfg:0x0
I (37677) wifi:state: init -> auth (0xb0)
I (37679) wifi:state: auth -> assoc (0x0)
I (37687) wifi:state: assoc -> run (0x10)
I (40708) wifi:state: run -> init (0x2c0)
I (40709) wifi:new:<11,0>, old:<11,2>, ap:<11,2>, sta:<11,0>, prof:1, snd_ch_cfg:0x0
{"schema_version":1,"sequence":5,"uptime_us":42230367,"utc_valid":true,"utc":"2026-01-06T21:17:42Z","source":"m1","event":"status","mode":"normal","status":"OK","device_id":"c1810c76790e","app":"7bae861-dirty","idf":"v6.0.2","toolchain":"gcc-15.2.0","image_sha256":"241d3a2af0a480ce6af1d128c9623531058a1bcccd7c6396e95928c815ff36c5","partitions":true,"reset_reason":11,"tf":"READY","wifi":"DISCONNECTED","ap_setup":true,"rtc":true,"shtc3":true,"sensor_valid":true,"temperature_tenths_c":295,"humidity_tenths_percent":390,"key_short":0,"key_long":0,"crc32c":"b47e1a94"}
I (43544) wifi:new:<11,2>, old:<11,0>, ap:<11,2>, sta:<11,0>, prof:1, snd_ch_cfg:0x0
I (43546) wifi:state: init -> auth (0xb0)
I (43552) wifi:state: auth -> assoc (0x0)
I (43563) wifi:state: assoc -> run (0x10)
I (46581) wifi:state: run -> init (0x2c0)
I (46582) wifi:new:<11,0>, old:<11,2>, ap:<11,2>, sta:<11,0>, prof:1, snd_ch_cfg:0x0
I (46584) wifi:new:<11,2>, old:<11,0>, ap:<11,2>, sta:<11,0>, prof:1, snd_ch_cfg:0x0
I (46586) wifi:state: init -> auth (0xb0)
I (46591) wifi:state: auth -> assoc (0x0)
I (46598) wifi:state: assoc -> run (0x10)
I (49618) wifi:state: run -> init (0x2c0)
I (49619) wifi:new:<11,0>, old:<11,2>, ap:<11,2>, sta:<11,0>, prof:1, snd_ch_cfg:0x0
I (52454) wifi:new:<11,2>, old:<11,0>, ap:<11,2>, sta:<11,0>, prof:1, snd_ch_cfg:0x0
I (52456) wifi:state: init -> auth (0xb0)
I (52460) wifi:state: auth -> assoc (0x0)
I (52466) wifi:state: assoc -> run (0x10)
{"schema_version":1,"sequence":6,"uptime_us":52249366,"utc_valid":true,"utc":"2026-01-06T21:17:52Z","source":"m1","event":"status","mode":"normal","status":"OK","device_id":"c1810c76790e","app":"7bae861-dirty","idf":"v6.0.2","toolchain":"gcc-15.2.0","image_sha256":"241d3a2af0a480ce6af1d128c9623531058a1bcccd7c6396e95928c815ff36c5","partitions":true,"reset_reason":11,"tf":"READY","wifi":"DISCONNECTED","ap_setup":true,"rtc":true,"shtc3":true,"sensor_valid":true,"temperature_tenths_c":295,"humidity_tenths_percent":390,"key_short":0,"key_long":0,"crc32c":"279f655f"}
I (55491) wifi:state: run -> init (0x2c0)
I (55492) wifi:new:<11,0>, old:<11,2>, ap:<11,2>, sta:<11,0>, prof:1, snd_ch_cfg:0x0
I (55494) wifi:new:<11,2>, old:<11,0>, ap:<11,2>, sta:<11,0>, prof:1, snd_ch_cfg:0x0
I (55496) wifi:state: init -> auth (0xb0)
I (55502) wifi:state: auth -> assoc (0x0)
I (55508) wifi:state: assoc -> run (0x10)
I (58528) wifi:state: run -> init (0x2c0)
I (58529) wifi:new:<11,0>, old:<11,2>, ap:<11,2>, sta:<11,0>, prof:1, snd_ch_cfg:0x0
I (61364) wifi:new:<11,2>, old:<11,0>, ap:<11,2>, sta:<11,0>, prof:1, snd_ch_cfg:0x0
I (61365) wifi:state: init -> auth (0xb0)
I (61370) wifi:state: auth -> assoc (0x0)
I (61376) wifi:state: assoc -> run (0x10)
{"schema_version":1,"sequence":7,"uptime_us":62265363,"utc_valid":true,"utc":"2026-01-06T21:18:02Z","source":"m1","event":"status","mode":"normal","status":"OK","device_id":"c1810c76790e","app":"7bae861-dirty","idf":"v6.0.2","toolchain":"gcc-15.2.0","image_sha256":"241d3a2af0a480ce6af1d128c9623531058a1bcccd7c6396e95928c815ff36c5","partitions":true,"reset_reason":11,"tf":"READY","wifi":"DISCONNECTED","ap_setup":true,"rtc":true,"shtc3":true,"sensor_valid":true,"temperature_tenths_c":295,"humidity_tenths_percent":389,"key_short":0,"key_long":0,"crc32c":"e64e9981"}
I (71377) wifi:state: run -> init (0xcc00)
I (71378) wifi:new:<11,0>, old:<11,2>, ap:<11,2>, sta:<11,0>, prof:1, snd_ch_cfg:0x0
I (71381) wifi:new:<11,2>, old:<11,0>, ap:<11,2>, sta:<11,0>, prof:1, snd_ch_cfg:0x0
I (71383) wifi:state: init -> auth (0xb0)
I (71385) wifi:state: auth -> assoc (0x0)
I (71395) wifi:state: assoc -> run (0x10)
{"schema_version":1,"sequence":8,"uptime_us":72281362,"utc_valid":true,"utc":"2026-01-06T21:18:12Z","source":"m1","event":"status","mode":"normal","status":"OK","device_id":"c1810c76790e","app":"7bae861-dirty","idf":"v6.0.2","toolchain":"gcc-15.2.0","image_sha256":"241d3a2af0a480ce6af1d128c9623531058a1bcccd7c6396e95928c815ff36c5","partitions":true,"reset_reason":11,"tf":"READY","wifi":"DISCONNECTED","ap_setup":true,"rtc":true,"shtc3":true,"sensor_valid":true,"temperature_tenths_c":295,"humidity_tenths_percent":392,"key_short":0,"key_long":0,"crc32c":"c9fd0307"}
I (74408) wifi:state: run -> init (0x2c0)
I (74409) wifi:new:<11,0>, old:<11,2>, ap:<11,2>, sta:<11,0>, prof:1, snd_ch_cfg:0x0
I (74651) frame-prov: wifi fallback: 5 disconnects without IP
{"schema_version":1,"sequence":9,"uptime_us":82297342,"utc_valid":true,"utc":"2026-01-06T21:18:22Z","source":"m1","event":"status","mode":"normal","status":"OK","device_id":"c1810c76790e","app":"7bae861-dirty","idf":"v6.0.2","toolchain":"gcc-15.2.0","image_sha256":"241d3a2af0a480ce6af1d128c9623531058a1bcccd7c6396e95928c815ff36c5","partitions":true,"reset_reason":11,"tf":"READY","wifi":"UNCONFIG","ap_setup":true,"rtc":true,"shtc3":true,"sensor_valid":true,"temperature_tenths_c":296,"humidity_tenths_percent":393,"key_short":0,"key_long":0,"crc32c":"3cac4b94"}
prov status
AP: up http://192.168.4.1/
saved config: absent
wifi: UNCONFIG
frame>  
frame>  {"schema_version":1,"sequence":10,"uptime_us":92313364,"utc_valid":true,"utc":"2026-01-06T21:18:32Z","source":"m1","event":"status","mode":"normal","status":"OK","device_id":"c1810c76790e","app":"7bae861-dirty","idf":"v6.0.2","toolchain":"gcc-15.2.0","image_sha256":"241d3a2af0a480ce6af1d128c9623531058a1bcccd7c6396e95928c815ff36c5","partitions":true,"reset_reason":11,"tf":"READY","wifi":"UNCONFIG","ap_setup":true,"rtc":true,"shtc3":true,"sensor_valid":true,"temperature_tenths_c":295,"humidity_tenths_percent":396,"key_short":0,"key_long":0,"crc32c":"af7ce873"}
status --json
{"schema_version":1,"firmware":"0.1.0-dev.1","idf":"v6.0.2","toolchain":"gcc-15.2.0","device_id":"c1810c76790e","health":"OK","target_ok":true,"cores":2,"flash_bytes":16777216,"psram_bytes":8388608,"partitions_ok":true,"reset_reason":11,"display":"OK","tf":"READY","rtc":true,"rtc_valid":true,"utc":"2026-01-06T21:18:32Z","shtc3":true,"sensor_valid":true,"wifi":"UNCONFIG","ap_active":true,"credentials_persisted":false,"tf_logging":true,"logging_error":0,"temperature_tenths_c":295,"humidity_tenths_percent":396,"key_short":0,"key_long":0,"elf_sha256":"b1ddd834673617cb7881aac43c834a46878482f4d08a93918db9409194bd86f0","image_sha256":"241d3a2af0a480ce6af1d128c9623531058a1bcccd7c6396e95928c815ff36c5"}
frame>  
frame>  