ESP-ROM:esp32s3-20210327
Build:Mar 27 2021
rst:0x15 (USB_UART_CHIP_RESET),boot:0x8 (SPI_FAST_FLASH_BOOT)
Saved PC:0x4037dece
SPIWP:0xee
mode:DIO, clock div:1
load:0x3fce2820,len:0x16bc
load:0x403c8700,len:0xf00
load:0x403cb700,len:0x3238
entry 0x403c892c
I (24) boot: ESP-IDF v6.0.2 2nd stage bootloader
I (24) boot: compile time Aug 31 2026 06:30:58
I (25) boot: Multicore bootloader
I (25) boot: chip revision: v0.2
I (25) boot: efuse block revision: v1.4
I (25) qio_mode: Enabling default flash chip QIO
I (25) boot.esp32s3: Boot SPI Speed : 80MHz
I (26) boot.esp32s3: SPI Mode       : QIO
I (26) boot.esp32s3: SPI Flash Size : 16MB
I (26) boot: Enabling RNG early entropy source...
I (26) boot: Partition Table:
I (26) boot: ## Label            Usage          Type ST Offset   Length
I (27) boot:  0 nvs              WiFi data        01 02 00009000 00014000
I (27) boot:  1 nvs_keys         NVS keys         01 04 0001d000 00001000
I (27) boot:  2 otadata          OTA data         01 00 0001e000 00002000
I (28) boot:  3 coredump         Unknown data     01 03 00020000 00020000
I (28) boot:  4 ota_0            OTA app          00 10 00040000 00500000
I (29) boot:  5 ota_1            OTA app          00 11 00540000 00500000
I (29) boot:  6 plugin_fs        Unknown data     01 83 00a40000 004c0000
I (29) boot:  7 system_fs        Unknown data     01 83 00f00000 00100000
I (30) boot: End of partition table
I (30) esp_image: segment 0: paddr=00040020 vaddr=3c100020 size=3af74h (241524) map
I (68) esp_image: segment 1: paddr=0007af9c vaddr=3fc9cc00 size=0507ch ( 20604) load
I (72) esp_image: segment 2: paddr=00080020 vaddr=42000020 size=f5f38h (1007416) map
I (228) esp_image: segment 3: paddr=00175f60 vaddr=3fca1c7c size=00b64h (  2916) load
I (229) esp_image: segment 4: paddr=00176acc vaddr=40374000 size=18b60h (101216) load
I (250) esp_image: segment 5: paddr=0018f634 vaddr=50000000 size=00024h (    36) load
I (261) boot: Loaded app from partition at offset 0x40000
I (261) boot: Disabling RNG early entropy source...
I (262) octal_psram: vendor id    : 0x0d (AP)
I (262) octal_psram: dev id       : 0x02 (generation 3)
I (263) octal_psram: density      : 0x03 (64 Mbit)
I (263) octal_psram: good-die     : 0x01 (Pass)
I (263) octal_psram: Latency      : 0x01 (Fixed)
I (263) octal_psram: VCC          : 0x01 (3V)
I (263) octal_psram: SRF          : 0x01 (Fast Refresh)
I (264) octal_psram: BurstType    : 0x01 (Hybrid Wrap)
I (264) octal_psram: BurstLen     : 0x01 (32 Byte)
I (264) octal_psram: Readlatency  : 0x02 (10 cycles@Fixed)
I (264) octal_psram: DriveStrength: 0x00 (1/1)
I (265) MSPI Timing: Enter psram timing tuning
I (265) esp_psram: Found 8MB PSRAM device
I (266) esp_psram: Speed: 80MHz
I (266) cpu_start: Multicore app
ESP-ROM:esp32s3-20210327
Build:Mar 27 2021
rst:0x15 (USB_UART_CHIP_RESET),boot:0x8 (SPI_FAST_FLASH_BOOT)
Saved PC:0x4200a13b
SPIWP:0xee
mode:DIO, clock div:1
load:0x3fce2820,len:0x16bc
load:0x403c8700,len:0xf00
load:0x403cb700,len:0x3238
entry 0x403c892c
I (24) boot: ESP-IDF v6.0.2 2nd stage bootloader
I (24) boot: compile time Aug 31 2026 06:30:58
I (25) boot: Multicore bootloader
I (25) boot: chip revision: v0.2
I (25) boot: efuse block revision: v1.4
I (25) qio_mode: Enabling default flash chip QIO
I (25) boot.esp32s3: Boot SPI Speed : 80MHz
I (26) boot.esp32s3: SPI Mode       : QIO
I (26) boot.esp32s3: SPI Flash Size : 16MB
I (26) boot: Enabling RNG early entropy source...
I (26) boot: Partition Table:
I (26) boot: ## Label            Usage          Type ST Offset   Length
I (27) boot:  0 nvs              WiFi data        01 02 00009000 00014000
I (27) boot:  1 nvs_keys         NVS keys         01 04 0001d000 00001000
I (27) boot:  2 otadata          OTA data         01 00 0001e000 00002000
I (28) boot:  3 coredump         Unknown data     01 03 00020000 00020000
I (28) boot:  4 ota_0            OTA app          00 10 00040000 00500000
I (29) boot:  5 ota_1            OTA app          00 11 00540000 00500000
I (29) boot:  6 plugin_fs        Unknown data     01 83 00a40000 004c0000
I (29) boot:  7 system_fs        Unknown data     01 83 00f00000 00100000
I (30) boot: End of partition table
I (30) esp_image: segment 0: paddr=00040020 vaddr=3c100020 size=3af74h (241524) map
I (68) esp_image: segment 1: paddr=0007af9c vaddr=3fc9cc00 size=0507ch ( 20604) load
I (72) esp_image: segment 2: paddr=00080020 vaddr=42000020 size=f5f38h (1007416) map
I (228) esp_image: segment 3: paddr=00175f60 vaddr=3fca1c7c size=00b64h (  2916) load
I (229) esp_image: segment 4: paddr=00176acc vaddr=40374000 size=18b60h (101216) load
I (250) esp_image: segment 5: paddr=0018f634 vaddr=50000000 size=00024h (    36) load
I (261) boot: Loaded app from partition at offset 0x40000
I (261) boot: Disabling RNG early entropy source...
I (262) octal_psram: vendor id    : 0x0d (AP)
I (262) octal_psram: dev id       : 0x02 (generation 3)
I (263) octal_psram: density      : 0x03 (64 Mbit)
I (263) octal_psram: good-die     : 0x01 (Pass)
I (263) octal_psram: Latency      : 0x01 (Fixed)
I (263) octal_psram: VCC          : 0x01 (3V)
I (263) octal_psram: SRF          : 0x01 (Fast Refresh)
I (264) octal_psram: BurstType    : 0x01 (Hybrid Wrap)
I (264) octal_psram: BurstLen     : 0x01 (32 Byte)
I (264) octal_psram: Readlatency  : 0x02 (10 cycles@Fixed)
I (264) octal_psram: DriveStrength: 0x00 (1/1)
I (265) MSPI Timing: Enter psram timing tuning
I (265) esp_psram: Found 8MB PSRAM device
I (266) esp_psram: Speed: 80MHz
I (266) cpu_start: Multicore app
I (692) esp_psram: SPI SRAM memory test OK
I (701) cpu_start: Pro cpu start user code
I (701) cpu_start: cpu freq: 240000000 Hz
I (701) app_init: Application information:
I (701) app_init: Project name:     frame_m1_hardware
I (701) app_init: App version:      d73cadb
I (701) app_init: Compile time:     Aug 31 2026 09:52:28
I (701) app_init: ELF file SHA256:  1e04bf7cd...
I (702) app_init: ESP-IDF:          v6.0.2
I (702) efuse_init: Min chip rev:     v0.0
I (702) efuse_init: Max chip rev:     v0.99 
I (702) efuse_init: Chip rev:         v0.2
I (702) heap_init: Initializing. RAM available for dynamic allocation:
I (703) heap_init: At 3FCB8370 len 000313A0 (196 KiB): RAM
I (703) heap_init: At 3FCE9710 len 00005724 (21 KiB): RAM
I (703) heap_init: At 3FCF0000 len 00008000 (32 KiB): DRAM
I (703) heap_init: At 600FE000 len 00001FE8 (7 KiB): RTCRAM
I (703) esp_psram: Adding pool of 8192K of PSRAM memory to heap allocator
I (704) spi_flash: detected chip: generic
I (704) spi_flash: flash io: qio
I (705) sleep_gpio: Configure to isolate all GPIO pins in sleep state
I (705) sleep_gpio: Enable automatic switching of GPIO sleep configuration
I (705) esp_core_dump_flash: Init core dump to flash
I (706) esp_core_dump_flash: Found partition 'coredump' @ 20000 131072 bytes
I (723) esp_core_dump_flash: Core dump data checksum is correct
I (724) esp_core_dump_flash: Found core dump 19328 bytes in flash @ 0x20000
I (724) main_task: Started on CPU0
I (724) esp_psram: Reserving pool of 32K of internal memory for DMA/internal allocations
I (725) main_task: Calling app_main()
I (785) frame-m1: Frame M1 0.1.0-dev.1; IDF v6.0.2; toolchain gcc-15.2.0
I (785) frame-m1: board=Waveshare ESP32-S3-RLCD-4.2 module=ESP32-S3-WROOM-1-N16R8 device=c1810c76790e
I (786) frame-m1: cores=2 flash=16777216 psram=8388608 part=OK reset=11 image_sha256=b67bb4381a06dcc6
I (808) frame-prov: system_fs mounted
I (809) pp: pp rom version: e7ae62f
I (810) net80211: net80211 rom version: e7ae62f
I (811) wifi:wifi driver task: 3fcc7f54, prio:23, stack:6656, core=0
I (818) wifi:wifi firmware version: 00ad238
I (818) wifi:wifi certification version: v7.0
I (818) wifi:config NVS flash: enabled
I (818) wifi:config nano formatting: disabled
I (818) wifi:Init data frame dynamic rx buffer num: 32
I (819) wifi:Init static rx mgmt buffer num: 5
I (819) wifi:Init management short buffer num: 32
I (819) wifi:Init dynamic tx buffer num: 32
I (819) wifi:Init static tx FG buffer num: 2
I (819) wifi:Init static rx buffer size: 1600
I (819) wifi:Init static rx buffer num: 10
I (820) wifi:Init dynamic rx buffer num: 32
I (820) wifi_init: rx ba win: 6
I (820) wifi_init: accept mbox: 6
I (820) wifi_init: tcpip mbox: 32
I (821) wifi_init: udp mbox: 6
I (821) wifi_init: tcp mbox: 6
I (821) wifi_init: tcp tx win: 5760
I (821) wifi_init: tcp rx win: 5760
I (821) wifi_init: tcp mss: 1440
I (821) wifi_init: WiFi IRAM OP enabled
I (821) wifi_init: WiFi RX IRAM OP enabled
I (822) phy_init: phy_version 712,87e8c20e,Apr 13 2026,18:51:10
W (845) SD_HOST: input line delay not supported, fallback to 0 delay
I (856) wifi:mode : sta (a4:cb:8f:cf:cd:5c)
I (856) wifi:enable tsf
W (860) frame-board: PCF85063 read failed: ESP_ERR_INVALID_CRC
{"schema_version":1,"sequence":1,"uptime_us":2169260,"utc_valid":false,"utc":"","source":"m1","event":"status","mode":"normal","status":"FAILED","device_id":"c1810c76790e","app":"d73cadb","idf":"v6.0.2","toolchain":"gcc-15.2.0","image_sha256":"b67bb4381a06dcc6f9eb32696df5648bfd3ca00b67d4c624a950776e13bb7927","partitions":true,"reset_reason":11,"tf":"READY","wifi":"UNCONFIG","ap_setup":false,"rtc":true,"shtc3":true,"sensor_valid":true,"temperature_tenths_c":268,"humidity_tenths_percent":484,"key_short":0,"key_long":0,"crc32c":"f55db0c9"}
[5n
Type 'help' to get the list of commands.
Use UP/DOWN arrows to navigate through command history.
Press TAB when typing command name to auto-complete.

Your terminal application does not support escape sequences.

Line editing and history features are disabled.

On Windows, try using Windows Terminal or Putty instead.
frame>  I (3655) frame-m1: services board=ESP_OK storage=ESP_OK wifi=ESP_OK display=ESP_OK console=ESP_OK
I (3657) frame-m1: provision mount=ESP_OK saved=ESP_OK
I (3658) main_task: Returned from app_main()
I (6114) wifi:new:<11,0>, old:<1,0>, ap:<255,255>, sta:<11,0>, prof:1, snd_ch_cfg:0x0
I (6116) wifi:state: init -> auth (0xb0)
I (6150) wifi:state: auth -> assoc (0x0)
I (6155) wifi:state: assoc -> run (0x10)
I (6158) wifi:[ADDBA]RX DELBA, reason:39, delete tid:0, initiator:1(originator)
I (6159) wifi:[ADDBA]RX DELBA, reason:39, delete tid:6, initiator:1(originator)
I (6183) wifi:connected with ChinaNet-ToT, aid = 17, channel 11, BW20, bssid = d4:5f:2c:81:22:c9
I (6185) wifi:security: WPA2-PSK, phy: bgn, rssi: -37, cipher(pairwise:0x3, group:0x3), pmf:0
I (6186) wifi:pm start, type: 1

I (6187) wifi:dp: 1, bi: 102400, li: 3, scale listen interval from 307200 us to 307200 us
I (6188) wifi:set rx beacon pti, rx_bcn_pti: 0, bcn_timeout: 25000, mt_pti: 0, mt_time: 10000
I (6189) wifi:AP's beacon interval = 102400 us, DTIM period = 1
I (6204) wifi:<ba-add>idx:0 (ifx:0, d4:5f:2c:81:22:c9), tid:0, ssn:20, winSize:64
I (6208) wifi:<ba-add>idx:1 (ifx:0, d4:5f:2c:81:22:c9), tid:6, ssn:8, winSize:64
I (7207) esp_netif_handlers: sta ip: 192.168.50.178, mask: 255.255.255.0, gw: 192.168.50.1
W (10832) frame-board: PCF85063 read failed: ESP_ERR_INVALID_CRC
{"schema_version":1,"sequence":2,"uptime_us":12181270,"utc_valid":false,"utc":"","source":"m1","event":"status","mode":"normal","status":"OK","device_id":"c1810c76790e","app":"d73cadb","idf":"v6.0.2","toolchain":"gcc-15.2.0","image_sha256":"b67bb4381a06dcc6f9eb32696df5648bfd3ca00b67d4c624a950776e13bb7927","partitions":true,"reset_reason":11,"tf":"READY","wifi":"CONNECTED","ap_setup":false,"rtc":true,"shtc3":true,"sensor_valid":true,"temperature_tenths_c":268,"humidity_tenths_percent":485,"key_short":0,"key_long":0,"crc32c":"e8f2b794"}
W (20841) frame-board: PCF85063 read failed: ESP_ERR_INVALID_CRC
{"schema_version":1,"sequence":3,"uptime_us":22200273,"utc_valid":false,"utc":"","source":"m1","event":"status","mode":"normal","status":"OK","device_id":"c1810c76790e","app":"d73cadb","idf":"v6.0.2","toolchain":"gcc-15.2.0","image_sha256":"b67bb4381a06dcc6f9eb32696df5648bfd3ca00b67d4c624a950776e13bb7927","partitions":true,"reset_reason":11,"tf":"READY","wifi":"CONNECTED","ap_setup":false,"rtc":true,"shtc3":true,"sensor_valid":true,"temperature_tenths_c":268,"humidity_tenths_percent":486,"key_short":0,"key_long":0,"crc32c":"8e55f652"}
W (30849) frame-board: PCF85063 read failed: ESP_ERR_INVALID_CRC
{"schema_version":1,"sequence":4,"uptime_us":32215268,"utc_valid":false,"utc":"","source":"m1","event":"status","mode":"normal","status":"OK","device_id":"c1810c76790e","app":"d73cadb","idf":"v6.0.2","toolchain":"gcc-15.2.0","image_sha256":"b67bb4381a06dcc6f9eb32696df5648bfd3ca00b67d4c624a950776e13bb7927","partitions":true,"reset_reason":11,"tf":"READY","wifi":"CONNECTED","ap_setup":false,"rtc":true,"shtc3":true,"sensor_valid":true,"temperature_tenths_c":268,"humidity_tenths_percent":485,"key_short":0,"key_long":0,"crc32c":"cdc1646d"}
W (40849) frame-board: PCF85063 read failed: ESP_ERR_INVALID_CRC
{"schema_version":1,"sequence":5,"uptime_us":42231269,"utc_valid":false,"utc":"","source":"m1","event":"status","mode":"normal","status":"OK","device_id":"c1810c76790e","app":"d73cadb","idf":"v6.0.2","toolchain":"gcc-15.2.0","image_sha256":"b67bb4381a06dcc6f9eb32696df5648bfd3ca00b67d4c624a950776e13bb7927","partitions":true,"reset_reason":11,"tf":"READY","wifi":"CONNECTED","ap_setup":false,"rtc":true,"shtc3":true,"sensor_valid":true,"temperature_tenths_c":268,"humidity_tenths_percent":484,"key_short":0,"key_long":0,"crc32c":"211b2cc8"}
W (50858) frame-board: PCF85063 read failed: ESP_ERR_INVALID_CRC
{"schema_version":1,"sequence":6,"uptime_us":52247276,"utc_valid":false,"utc":"","source":"m1","event":"status","mode":"normal","status":"OK","device_id":"c1810c76790e","app":"d73cadb","idf":"v6.0.2","toolchain":"gcc-15.2.0","image_sha256":"b67bb4381a06dcc6f9eb32696df5648bfd3ca00b67d4c624a950776e13bb7927","partitions":true,"reset_reason":11,"tf":"READY","wifi":"CONNECTED","ap_setup":false,"rtc":true,"shtc3":true,"sensor_valid":true,"temperature_tenths_c":268,"humidity_tenths_percent":483,"key_short":0,"key_long":0,"crc32c":"687362ad"}
W (60859) frame-board: PCF85063 read failed: ESP_ERR_INVALID_CRC
{"schema_version":1,"sequence":7,"uptime_us":62263269,"utc_valid":false,"utc":"","source":"m1","event":"status","mode":"normal","status":"OK","device_id":"c1810c76790e","app":"d73cadb","idf":"v6.0.2","toolchain":"gcc-15.2.0","image_sha256":"b67bb4381a06dcc6f9eb32696df5648bfd3ca00b67d4c624a950776e13bb7927","partitions":true,"reset_reason":11,"tf":"READY","wifi":"CONNECTED","ap_setup":false,"rtc":true,"shtc3":true,"sensor_valid":true,"temperature_tenths_c":268,"humidity_tenths_percent":482,"key_short":0,"key_long":0,"crc32c":"7bb3ef37"}
W (70859) frame-board: PCF85063 read failed: ESP_ERR_INVALID_CRC

frame>  
frame>  status --json
{"schema_version":1,"firmware":"0.1.0-dev.1","idf":"v6.0.2","toolchain":"gcc-15.2.0","device_id":"c1810c76790e","health":"OK","target_ok":true,"cores":2,"flash_bytes":16777216,"psram_bytes":8388608,"partitions_ok":true,"reset_reason":11,"display":"OK","tf":"READY","rtc":true,"rtc_valid":false,"utc":"","shtc3":true,"sensor_valid":true,"wifi":"CONNECTED","ap_active":false,"credentials_persisted":true,"tf_logging":true,"logging_error":0,"temperature_tenths_c":268,"humidity_tenths_percent":481,"key_short":0,"key_long":0,"elf_sha256":"1e04bf7cd44f4813a9df1b472ef7cc39e25b03a19a8aa2f37e6c316e4466c630","image_sha256":"b67bb4381a06dcc6f9eb32696df5648bfd3ca00b67d4c624a950776e13bb7927"}
frame>  
frame>  {"schema_version":1,"sequence":8,"uptime_us":72279264,"utc_valid":false,"utc":"","source":"m1","event":"status","mode":"normal","status":"OK","device_id":"c1810c76790e","app":"d73cadb","idf":"v6.0.2","toolchain":"gcc-15.2.0","image_sha256":"b67bb4381a06dcc6f9eb32696df5648bfd3ca00b67d4c624a950776e13bb7927","partitions":true,"reset_reason":11,"tf":"READY","wifi":"CONNECTED","ap_setup":false,"rtc":true,"shtc3":true,"sensor_valid":true,"temperature_tenths_c":268,"humidity_tenths_percent":481,"key_short":0,"key_long":0,"crc32c":"85d5c936"}
W (80859) frame-board: PCF85063 read failed: ESP_ERR_INVALID_CRC
{"schema_version":1,"sequence":9,"uptime_us":82298269,"utc_valid":false,"utc":"","source":"m1","event":"status","mode":"normal","status":"OK","device_id":"c1810c76790e","app":"d73cadb","idf":"v6.0.2","toolchain":"gcc-15.2.0","image_sha256":"b67bb4381a06dcc6f9eb32696df5648bfd3ca00b67d4c624a950776e13bb7927","partitions":true,"reset_reason":11,"tf":"READY","wifi":"CONNECTED","ap_setup":false,"rtc":true,"shtc3":true,"sensor_valid":true,"temperature_tenths_c":267,"humidity_tenths_percent":481,"key_short":0,"key_long":0,"crc32c":"8d605014"}
W (90860) frame-board: PCF85063 read failed: ESP_ERR_INVALID_CRC

frame>  
frame>  {"schema_version":1,"sequence":10,"uptime_us":92313274,"utc_valid":false,"utc":"","source":"m1","event":"status","mode":"normal","status":"OK","device_id":"c1810c76790e","app":"d73cadb","idf":"v6.0.2","toolchain":"gcc-15.2.0","image_sha256":"b67bb4381a06dcc6f9eb32696df5648bfd3ca00b67d4c624a950776e13bb7927","partitions":true,"reset_reason":11,"tf":"READY","wifi":"CONNECTED","ap_setup":false,"rtc":true,"shtc3":true,"sensor_valid":true,"temperature_tenths_c":267,"humidity_tenths_percent":482,"key_short":0,"key_long":0,"crc32c":"92e1a90f"}
status --json
{"schema_version":1,"firmware":"0.1.0-dev.1","idf":"v6.0.2","toolchain":"gcc-15.2.0","device_id":"c1810c76790e","health":"OK","target_ok":true,"cores":2,"flash_bytes":16777216,"psram_bytes":8388608,"partitions_ok":true,"reset_reason":11,"display":"OK","tf":"READY","rtc":true,"rtc_valid":false,"utc":"","shtc3":true,"sensor_valid":true,"wifi":"CONNECTED","ap_active":false,"credentials_persisted":true,"tf_logging":true,"logging_error":0,"temperature_tenths_c":267,"humidity_tenths_percent":482,"key_short":0,"key_long":0,"elf_sha256":"1e04bf7cd44f4813a9df1b472ef7cc39e25b03a19a8aa2f37e6c316e4466c630","image_sha256":"b67bb4381a06dcc6f9eb32696df5648bfd3ca00b67d4c624a950776e13bb7927"}
frame>  
frame>  