[1/9] Performing build step for 'bootloader'
[1/1] cd /home/lain/Projects/esp_study/esp_study/poc/apps/m1_hardware/build/default/bootloader && /home/lain/Projects/esp_study/esp_study/.venv-idf/bin/python /home/lain/.espressif/v6.0.2/esp-idf/components/partition_table/check_sizes.py --offset 0x8000 bootloader 0x0 /home/lain/Projects/esp_study/esp_study/poc/apps/m1_hardware/build/default/bootloader/bootloader.bin
Bootloader binary size 0x5850 bytes. 0x27b0 bytes (31%) free.
[2/9] No install step for 'bootloader'
[3/9] Completed 'bootloader'
[4/9] Building CXX object esp-idf/main/CMakeFiles/__idf_main.dir/wifi_provision.cc.obj
[5/9] Linking C static library esp-idf/main/libmain.a
[6/9] Generating esp-idf/esp_system/ld/sections.ld
NOTE: 
/home/lain/.espressif/v6.0.2/esp-idf/components/bt/host/nimble/Kconfig.in:1421: 
BT_NIMBLE_MESH_PROVISIONER: 'default 0' is not a valid bool value (only 'y' and 
'n' are allowed). Value is treated as 'n'.
NOTE: /home/lain/.espressif/v6.0.2/esp-idf/components/fatfs/Kconfig:230: 
FATFS_PRINT_LLI: 'default 0' is not a valid bool value (only 'y' and 'n' are 
allowed). Value is treated as 'n'.
NOTE: /home/lain/.espressif/v6.0.2/esp-idf/components/fatfs/Kconfig:235: 
FATFS_PRINT_FLOAT: 'default 0' is not a valid bool value (only 'y' and 'n' are 
allowed). Value is treated as 'n'.
[7/9] Linking CXX executable frame_m1_hardware.elf
[8/9] Generating binary image from built executable
esptool v5.3.1
Creating ESP32-S3 image...
Merged 3 ELF sections.
Successfully created ESP32-S3 image.
Generated /home/lain/Projects/esp_study/esp_study/poc/apps/m1_hardware/build/default/frame_m1_hardware.bin
[9/9] cd /home/lain/Projects/esp_study/esp_study/poc/apps/m1_hardware/build/default && /home/lain/Projects/esp_study/esp_study/.venv-idf/bin/python /home/lain/.espressif/v6.0.2/esp-idf/components/partition_table/check_sizes.py --offset 0x8000 partition --type app /home/lain/Projects/esp_study/esp_study/poc/apps/m1_hardware/build/default/partition_table/partition-table.bin /home/lain/Projects/esp_study/esp_study/poc/apps/m1_hardware/build/default/frame_m1_hardware.bin
frame_m1_hardware.bin binary size 0x140a30 bytes. Smallest app partition is 0x500000 bytes. 0x3bf5d0 bytes (75%) free.
