
===== REPL SESSION 2026-08-31T07:08:01 =====
T20:55:17Z","source":"m1","event":"status","mode":"normal","status":"OK","device_id":"c1810c76790e","app":"7bae861-dirty","idf":"v6.0.2","toolchain":"gcc-15.2.0","imagESP-ROM:esp32s3-20210327
Build:Mar 27 2021
rst:0x15 (USB_UART_CHIP_RESET),boot:0x8 (SPI_FAST_FLASH_BOOT)
Saved PC:0x4037dece
SPIWP:0xee
mode:DIO, clock div:1
load:0x3fce2820,len:0x16bc
load:0x403c8700,len:0xf00
load:0x403cb700,len:0x3238
entry 0x403c892c
I (24) boot: ESP-IDF v6.0.2 2nd stage bootloader
I (24) boot: compile time Aug 31 2026 06:30:58
I (25) boot: Multicore bootloader
I (25) boot: chip revision: v0.2
I (25) boot: efuse block revision: v1.4
I (25) qio_mode: Enabling default flash chip QIO
I (25) boot.esp32s3: Boot SPI Speed : 80MHz
I (26) boot.esp32s3: SPI Mode       : QIO
I (26) boot.esp32s3: SPI Flash Size : 16MB
I (26) boot: Enabling RNG early entropy source...
I (26) boot: Partition Table:
I (26) boot: ## Label            Usage          Type ST Offset   Length
I (27) boot:  0 nvs              WiFi data        01 02 00009000 00014000
I (27) boot:  1 nvs_keys         NVS keys         01 04 0001d000 00001000
I (27) boot:  2 otadata          OTA data         01 00 0001e000 00002000
I (28) boot:  3 coredump         Unknown data     01 03 00020000 00020000
I (28) boot:  4 ota_0            OTA app          00 10 00040000 00500000
I (29) boot:  5 ota_1            OTA app          00 11 00540000 00500000
I (29) boot:  6 plugin_fs        Unknown data     01 83 00a40000 004c0000
I (29) boot:  7 system_fs        Unknown data     01 83 00f00000 00100000
I (30) boot: End of partition table
I (30) esp_image: segment 0: paddr=00040020 vaddr=3c100020 size=3aef4h (241396) map
I (68) esp_image: segment 1: paddr=0007af1c vaddr=3fc9cc00 size=050fch ( 20732) load
I (72) esp_image: segment 2: paddr=00080020 vaddr=42000020 size=f5c84h (1006724) map
I (228) esp_image: segment 3: paddr=00175cac vaddr=3fca1cfc size=00ae4h (  2788) load
I (229) esp_image: segment 4: paddr=00176798 vaddr=40374000 size=18b60h (101216) load
I (250) esp_image: segment 5: paddr=0018f300 vaddr=50000000 size=00024h (    36) load
I (261) boot: Loaded app from partition at offset 0x40000
I (261) boot: Disabling RNG early entropy source...
I (262) octal_psram: vendor id    : 0x0d (AP)
I (262) octal_psram: dev id       : 0x02 (generation 3)
I (262) octal_psram: density      : 0x03 (64 Mbit)
I (263) octal_psram: good-die     : 0x01 (Pass)
I (263) octal_psram: Latency      : 0x01 (Fixed)
I (263) octal_psram: VCC          : 0x01 (3V)
I (263) octal_psram: SRF          : 0x01 (Fast Refresh)
I (263) octal_psram: BurstType    : 0x01 (Hybrid Wrap)
I (264) octal_psram: BurstLen     : 0x01 (32 Byte)
I (264) octal_psram: Readlatency  : 0x02 (10 cycles@Fixed)
I (264) octal_psram: DriveStrength: 0x00 (1/1)
I (264) MSPI Timing: Enter psram timing tuning
I (265) esp_psram: Found 8MB PSRAM device
I (265) esp_psram: Speed: 80MHz
I (266) cpu_start: Multicore app
I (692) esp_psram: SPI SRAM memory test OK
I (700) cpu_start: Pro cpu start user code
I (701) cpu_start: cpu freq: 240000000 Hz
I (701) app_init: Application information:
I (701) app_init: Project name:     frame_m1_hardware
I (701) app_init: App version:      7bae861-dirty
I (701) app_init: Compile time:     Aug 31 2026 06:36:52
I (701) app_init: ELF file SHA256:  43513adff...
I (701) app_init: ESP-IDF:          v6.0.2
I (701) efuse_init: Min chip rev:     v0.0
I (702) efuse_init: Max chip rev:     v0.99 
I (702) efuse_init: Chip rev:         v0.2
I (702) heap_init: Initializing. RAM available for dynamic allocation:
I (702) heap_init: At 3FCB8370 len 000313A0 (196 KiB): RAM
I (702) heap_init: At 3FCE9710 len 00005724 (21 KiB): RAM
I (702) heap_init: At 3FCF0000 len 00008000 (32 KiB): DRAM
I (703) heap_init: At 600FE000 len 00001FE8 (7 KiB): RTCRAM
I (703) esp_psram: Adding pool of 8192K of PSRAM memory to heap allocator
I (704) spi_flash: detected chip: generic
I (704) spi_flash: flash io: qio
I (704) sleep_gpio: Configure to isolate all GPIO pins in sleep state
I (705) sleep_gpio: Enable automatic switching of GPIO sleep configuration
I (705) esp_core_dump_flash: Init core dump to flash
I (705) esp_core_dump_flash: Found partition 'coredump' @ 20000 131072 bytes
I (723) esp_core_dump_flash: Core dump data checksum is correct
I (723) esp_core_dump_flash: Found core dump 19328 bytes in flash @ 0x20000
I (724) main_task: Started on CPU0
I (724) esp_psram: Reserving pool of 32K of internal memory for DMA/internal allocations
I (725) main_task: Calling app_main()
I (785) frame-m1: Frame M1 0.1.0-dev.1; IDF v6.0.2; toolchain gcc-15.2.0
I (785) frame-m1: board=Waveshare ESP32-S3-RLCD-4.2 module=ESP32-S3-WROOM-1-N16R8 device=c1810c76790e
I (785) frame-m1: cores=2 flash=16777216 psram=8388608 part=OK reset=11 image_sha256=759e39b7aecf2f17
I (805) frame-prov: system_fs mounted
I (807) pp: pp rom version: e7ae62f
I (807) net80211: net80211 rom version: e7ae62f
I (809) wifi:wifi driver task: 3fcc7f54, prio:23, stack:6656, co[5n
Type 'help' to get the list of commands.
Use UP/DOWN arrows to navigate through command history.
Press TAB when typing command name to auto-complete.
I (3756) frame-prov: wifi provision pending

Your terminal application does not support esprov status
AP: up http://192.168.4.1/
saved config: absent
wifi: UNCONFIG
frame>  
frame>  prov start
provision AP already up
frame>  
frame>  {"schema_version":1,"sequence":2,"uptime_us":12200269,"utc_valid":true,"utc":"2026-01-06T20:55:51Z","source":"m1","event":"status","mode":"normal","status":"OK","device_id":"c1810c76790e","app":"7bae861-dirty","idf":"v6.0.2","toolchain":"gcc-15.2.0","image_sha256":"759e39b7aecf2f179b21fda8a01faf91928c4b6327ee3c7e4d4880d58f5d43f9","partitions":true,"reset_reason":11,"tf":"READY","wifi":"UNCONFIG","rtc":true,"shtc3":true,"sensor_valid":true,"temperature_tenths_c":289,"humidity_tenths_percent":372,"key_short":0,"key_long":0,"crc32c":"430c7907"}
status --json
{"schema_version":1,"firmware":"0.1.0-dev.1","idf":"v6.0.2","toolchain":"gcc-15.2.0","device_id":"c1810c76790e","health":"OK","target_ok":true,"cores":2,"flash_bytes":16777216,"psram_bytes":8388608,"partitions_ok":true,"reset_reason":11,"display":"OK","tf":"READY","rtc":true,"rtc_valid":true,"utc":"2026-01-06T20:55:51Z","shtc3":true,"sensor_valid":true,"wifi":"UNCONFIG","credentials_persisted":false,"tf_logging":true,"logging_error":0,"temperature_tenths_c":289,"humidity_tenths_percent":372,"key_short":0,"key_long":0,"elf_sha256":"43513adffabb49e4c9adacaf378a9ffd31d5d24052250a36807562c9e07a4ee9","image_sha256":"759e39b7aecf2f179b21fda8a01faf91928c4b6327ee3c7e4d4880d58f5d43f9"}
frame>  
frame>  
