18:09:06 phase-1: hard reset; capture boot + telemetry 45s (sliced for arrival timing)
ESP-ROM:esp32s3-20210327
Build:Mar 27 2021
rst:0x15 (USB_UART_CHIPESP-ROM:esp32s3-20210327
Build:Mar 27 2021
rst:0x15 (USB_UART_CHIP_RESET),boot:0x8 (SPI_FAST_FLASH_BOOT)
Saved PC:0x4037dec6
SPIWP:0xee
mode:DIO, clock div:1
load:0x3fce2820,len:0x16bc
load:0x403c8700,len:0xf00
load:0x403cb700,len:0x3238
entry 0x403c892c
I (24) boot: ESP-IDF v6.0.2 2nd stage bootloader
I (24) boot: compile time Aug 30 2026 07:33:21
I (25) boot: Multicore bootloader
I (25) boot: chip revision: v0.2
I (25) boot: efuse block revision: v1.4
I (25) qio_mode: Enabling default flash chip QIO
I (25) boot.esp32s3: Boot SPI Speed : 80MHz
I (26) boot.esp32s3: SPI Mode       : QIO
I (26) boot.esp32s3: SPI Flash Size : 16MB
I (26) boot: Enabling RNG early entropy source...
I (26) boot: Partition Table:
I (26) boot: ## Label            Usage          Type ST Offset   Length
I (27) boot:  0 nvs              WiFi data        01 02 00009000 00014000
I (27) boot:  1 nvs_keys         NVS keys         01 04 0001d000 00001000
I (27) boot:  2 otadata          OTA data         01 00 0001e000 00002000
I (28) boot:  3 coredump         Unknown data     01 03 00020000 00020000
I (28) boot:  4 ota_0            OTA app          00 10 00040000 00500000
I (29) boot:  5 ota_1            OTA app          00 11 00540000 00500000
I (29) boot:  6 plugin_fs        Unknown data     01 83 00a40000 004c0000
I (29) boot:  7 system_fs        Unknown data     01 83 00f00000 00100000
I (30) boot: End of partition table
I (30) esp_image: segment 0: paddr=00040020 vaddr=3c0f0020 size=357a8h (219048) map
I (65) esp_image: segment 1: paddr=000757d0 vaddr=3fc9cb00 size=05b50h ( 23376) load
I (69) esp_image: segment 2: paddr=0007b328 vaddr=40374000 size=04cf0h ( 19696) load
I (74) esp_image: segment 3: paddr=00080020 vaddr=42000020 size=e1278h (922232) map
I (217) esp_image: segment 4: paddr=001612a0 vaddr=40378cf0 size=13d74h ( 81268) load
I (233) esp_image: segment 5: paddr=0017501c vaddr=50000000 size=00024h (    36) load
I (244) boot: Loaded app from partition at offset 0x40000
I (244) boot: Disabling RNG early entropy source...
I (245) octal_psram: vendor id    : 0x0d (AP)
I (246) octal_psram: dev id       : 0x02 (generation 3)
I (246) octal_psram: density      : 0x03 (64 Mbit)
I (246) octal_psram: good-die     : 0x01 (Pass)
I (246) octal_psram: Latency      : 0x01 (Fixed)
I (246) octal_psram: VCC          : 0x01 (3V)
I (247) octal_psram: SRF          : 0x01 (Fast Refresh)
I (247) octal_psram: BurstType    : 0x01 (Hybrid Wrap)
I (247) octal_psram: BurstLen     : 0x01 (32 Byte)
I (247) octal_psram: Readlatency  : 0x02 (10 cycles@Fixed)
I (247) octal_psram: DriveStrength: 0x00 (1/1)
I (248) MSPI Timing: Enter psram timing tuning
I (249) esp_psram: Found 8MB PSRAM device
I (249) esp_psram: Speed: 80MHz
I (249) cpu_start: Multicore app
I (675) esp_psram: SPI SRAM memory test OK
I (684) cpu_start: Pro cpu start user code
I (684) cpu_start: cpu freq: 240000000 Hz
I (684) app_init: Application information:
I (684) app_init: Project name:     frame_m1_hardware
I (684) app_init: App version:      7bae861-dirty
I (685) app_init: Compile time:     Aug 30 2026 07:29:56
I (685) app_init: ELF file SHA256:  2cb245f67...
I (685) app_init: ESP-IDF:          v6.0.2
I (685) efuse_init: Min chip rev:     v0.0
I (685) efuse_init: Max chip rev:     v0.99 
I (685) efuse_init: Chip rev:         v0.2
I (685) heap_init: Initializing. RAM available for dynamic allocation:
I (686) heap_init: At 3FCB7890 len 00031E80 (199 KiB): RAM
I (686) heap_init: At 3FCE9710 len 00005724 (21 KiB): RAM
I (686) heap_init: At 3FCF0000 len 00008000 (32 KiB): DRAM
I (686) heap_init: At 600FE000 len 00001FE8 (7 KiB): RTCRAM
I (686) esp_psram: Adding pool of 8192K of PSRAM memory to heap allocator
I (687) spi_flash: detected chip: generic
I (687) spi_flash: flash io: qio
I (688) sleep_gpio: Configure to isolate all GPIO pins in sleep state
I (688) sleep_gpio: Enable automatic switching of GPIO sleep configuration
I (688) esp_core_dump_flash: Init core dump to flash
I (689) esp_core_dump_flash: Found partition 'coredump' @ 20000 131072 bytes
I (707) esp_core_dump_flash: Core dump data checksum is correct
I (707) esp_core_dump_flash: Found core dump 19328 bytes in flash @ 0x20000
I (707) main_task: Started on CPU0
I (707) esp_psram: Reserving pool of 32K of internal memory for DMA/internal allocations
I (708) main_task: Calling app_main()
I (763) frame-m1: Frame M1 0.1.0-dev.1; IDF v6.0.2; toolchain gcc-15.2.0
I (763) frame-m1: board=Waveshare ESP32-S3-RLCD-4.2 module=ESP32-S3-WROOM-1-N16R8 device=c1810c76790e
I (763) frame-m1: cores=2 flash=16777216 psram=8388608 part=OK reset=11 image_sha256=ba8d651d9c7372dd
I (783) pp: pp rom version: e7ae62f
I (783) net80211: net80211 rom version: e7ae62f
I (785) wifi:wifi driver task: 3fcc6db0, prio:23, stack:6656, core=0
I (792) wifi:wifi firmware version: 00ad238
I (792) wifi:wifi certification version: v7.0
I (792) wifi:config NVS flash: enabled
I (792) wifi:config nano formatting: disabled
I (792) wifi:Init data frame dynamic rx buffer num: 32
I (793) wifi:Init static rx mgmt buffer num: 5
I (793) wifi:Init management short buffer num: 32
I (793) wifi:Init dynamic tx buffer num: 32
I (793) wifi:Init static tx FG buffer num: 2
I (793) wifi:Init static rx buffer size: 1600
I (793) wifi:Init static rx buffer num: 10
I (794) wifi:Init dynamic rx buffer num: 32
I (794) wifi_init: rx ba win: 6
I (794) wifi_init: accept mbox: 6
I (795) wifi_init: tcpip mbox: 32
I (795) wifi_init: udp mbox: 6
I (795) wifi_init: tcp mbox: 6
I (795) wifi_init: tcp tx win: 5760
I (795) wifi_init: tcp rx win: 5760
I (795) wifi_init: tcp mss: 1440
I (795) wifi_init: WiFi IRAM OP enabled
I (795) wifi_init: WiFi RX IRAM OP enabled
I (796) phy_init: phy_version 712,87e8c20e,Apr 13 2026,18:51:10
W (822) SD_HOST: input line delay not supported, fallback to 0 delay
I (832) wifi:mode : sta (a4:cb:8f:cf:cd:5c)
I (833) wifi:enable tsf
{"schema_version":1,"sequence":1,"uptime_us":2165266,"utc_valid":true,"utc":"2026-01-06T07:57:09Z","source":"m1","event":"status","mode":"normal","status":"FAILED","device_id":"c1810c76790e","app":"7bae861-dirty","idf":"v6.0.2","toolchain":"gcc-15.2.0","image_sha256":"ba8d651d9c7372dd7439e69e0b6b092c327c52c1e7bef68c38bf1a5dca55310f","partitions":true,"reset_reason":11,"tf":"READY","wifi":"UNCONFIG","rtc":true,"shtc3":true,"sensor_valid":true,"temperature_tenths_c":274,"humidity_tenths_percent":368,"key_short":0,"key_long":0,"crc32c":"ed444c51"}
[5nI (3626) frame-m1: services board=ESP_OK storage=ESP_OK wifi=ESP_OK display=ESP_OK console=ESP_OK


Type 'help' to get the list of commands.

Use UP/DOWN arrows to navigate through command history.

Press TAB when typing command name to auto-complete.



Your terminal application does not support escape sequences.

Line editing and history features are disabled.

On Windows, try using Windows Terminal or Putty instead.

I (3627) main_task: Returned from app_main()
frame>  {"schema_version":1,"sequence":2,"uptime_us":12174217,"utc_valid":true,"utc":"2026-01-06T07:57:19Z","source":"m1","event":"status","mode":"normal","status":"OK","device_id":"c1810c76790e","app":"7bae861-dirty","idf":"v6.0.2","toolchain":"gcc-15.2.0","image_sha256":"ba8d651d9c7372dd7439e69e0b6b092c327c52c1e7bef68c38bf1a5dca55310f","partitions":true,"reset_reason":11,"tf":"READY","wifi":"UNCONFIG","rtc":true,"shtc3":true,"sensor_valid":true,"temperature_tenths_c":274,"humidity_tenths_percent":367,"key_short":0,"key_long":0,"crc32c":"7003b2b4"}
{"schema_version":1,"sequence":3,"uptime_us":22187216,"utc_valid":true,"utc":"2026-01-06T07:57:29Z","source":"m1","event":"status","mode":"normal","status":"OK","device_id":"c1810c76790e","app":"7bae861-dirty","idf":"v6.0.2","toolchain":"gcc-15.2.0","image_sha256":"ba8d651d9c7372dd7439e69e0b6b092c327c52c1e7bef68c38bf1a5dca55310f","partitions":true,"reset_reason":11,"tf":"READY","wifi":"UNCONFIG","rtc":true,"shtc3":true,"sensor_valid":true,"temperature_tenths_c":274,"humidity_tenths_percent":368,"key_short":0,"key_long":0,"crc32c":"a2dbaaaf"}
{"schema_version":1,"sequence":4,"uptime_us":32200209,"utc_valid":true,"utc":"2026-01-06T07:57:39Z","source":"m1","event":"status","mode":"normal","status":"OK","device_id":"c1810c76790e","app":"7bae861-dirty","idf":"v6.0.2","toolchain":"gcc-15.2.0","image_sha256":"ba8d651d9c7372dd7439e69e0b6b092c327c52c1e7bef68c38bf1a5dca55310f","partitions":true,"reset_reason":11,"tf":"READY","wifi":"UNCONFIG","rtc":true,"shtc3":true,"sensor_valid":true,"temperature_tenths_c":274,"humidity_tenths_percent":367,"key_short":0,"key_long":0,"crc32c":"d3edba07"}
{"schema_version":1,"sequence":5,"uptime_us":42213232,"utc_valid":true,"utc":"2026-01-06T07:57:49Z","source":"m1","event":"status","mode":"normal","status":"OK","device_id":"c1810c76790e","app":"7bae861-dirty","idf":"v6.0.2","toolchain":"gcc-15.2.0","image_sha256":"ba8d651d9c7372dd7439e69e0b6b092c327c52c1e7bef68c38bf1a5dca55310f","partitions":true,"reset_reason":11,"tf":"READY","wifi":"UNCONFIG","rtc":true,"shtc3":true,"sensor_valid":true,"temperature_tenths_c":274,"humidity_tenths_percent":367,"key_short":0,"key_long":0,"crc32c":"c019e4ba"}
18:09:51 boot telemetry n=4 seqs=[1, 3, 4, 5] first-line 3.7s after reset (READY classification precedes first append; logging starts same loop pass)
18:09:51 phase-1b: 25s live cadence watch (expect 2-3 telemetry lines ~10s apart)
{"schema_version":1,"sequence":6,"uptime_us":52226209,"utc_valid":true,"utc":"2026-01-06T07:57:59Z","source":"m1","event":"status","mode":"normal","status":"OK","device_id":"c1810c76790e","app":"7bae861-dirty","idf":"v6.0.2","toolchain":"gcc-15.2.0","image_sha256":"ba8d651d9c7372dd7439e69e0b6b092c327c52c1e7bef68c38bf1a5dca55310f","partitions":true,"reset_reason":11,"tf":"READY","wifi":"UNCONFIG","rtc":true,"shtc3":true,"sensor_valid":true,"temperature_tenths_c":274,"humidity_tenths_percent":367,"key_short":0,"key_long":0,"crc32c":"61fe7acf"}
{"schema_version":1,"sequence":7,"uptime_us":62239207,"utc_valid":true,"utc":"2026-01-06T07:58:09Z","source":"m1","event":"status","mode":"normal","status":"OK","device_id":"c1810c76790e","app":"7bae861-dirty","idf":"v6.0.2","toolchain":"gcc-15.2.0","image_sha256":"ba8d651d9c7372dd7439e69e0b6b092c327c52c1e7bef68c38bf1a5dca55310f","partitions":true,"reset_reason":11,"tf":"READY","wifi":"UNCONFIG","rtc":true,"shtc3":true,"sensor_valid":true,"temperature_tenths_c":274,"humidity_tenths_percent":368,"key_short":0,"key_long":0,"crc32c":"d3063b18"}
18:10:10 telemetry lines added during <=25s watch: 2

frame>  
frame>  status --json
{"schema_version":1,"firmware":"0.1.0-dev.1","idf":"v6.0.2","toolchain":"gcc-15.2.0","device_id":"c1810c76790e","health":"OK","target_ok":true,"cores":2,"flash_bytes":16777216,"psram_bytes":8388608,"partitions_ok":true,"reset_reason":11,"display":"OK","tf":"READY","rtc":true,"rtc_valid":true,"utc":"2026-01-06T07:58:09Z","shtc3":true,"sensor_valid":true,"wifi":"UNCONFIG","credentials_persisted":false,"tf_logging":true,"logging_error":0,"temperature_tenths_c":274,"humidity_tenths_percent":368,"key_short":0,"key_long":0,"elf_sha256":"2cb245f67e7290c680ea5cd4582af8c0417a1cdea44d7d6d47b0aa3dcc63feb9","image_sha256":"ba8d651d9c7372dd7439e69e0b6b092c327c52c1e7bef68c38bf1a5dca55310f"}
frame>  
frame>  
18:10:14 status --json after boot: tf_logging=True logging_error=0

18:10:14 [PASS-a] telemetry n=4 >=3, schema=1, event=status, crc32c 8hex all, sequence strictly increasing [1, 3, 4, 5], first JSONL 3.7s after reset (<=15s: append only runs in READY state => JSONL within 10s of READY holds), cadence 2 lines/25s, status tf_logging=true logging_error=0

frame>  
frame>  status --json
{"schema_version":1,"firmware":"0.1.0-dev.1","idf":"v6.0.2","toolchain":"gcc-15.2.0","device_id":"c1810c76790e","health":"OK","target_ok":true,"cores":2,"flash_bytes":16777216,"psram_bytes":8388608,"partitions_ok":true,"reset_reason":11,"display":"OK","tf":"READY","rtc":true,"rtc_valid":true,"utc":"2026-01-06T07:58:09Z","shtc3":true,"sensor_valid":true,"wifi":"UNCONFIG","credentials_persisted":false,"tf_logging":true,"logging_error":0,"temperature_tenths_c":274,"humidity_tenths_percent":368,"key_short":0,"key_long":0,"elf_sha256":"2cb245f67e7290c680ea5cd4582af8c0417a1cdea44d7d6d47b0aa3dcc63feb9","image_sha256":"ba8d651d9c7372dd7439e69e0b6b092c327c52c1e7bef68c38bf1a5dca55310f"}
frame>  
frame>  
18:10:18 [FAIL-b] rtc_valid=True utc=2026-01-06T07:58:09Z partitions_ok=True sensor_valid=True temp=274 hum=368; utc did not advance between rounds

frame>  
frame>  status --json
{"schema_version":1,"firmware":"0.1.0-dev.1","idf":"v6.0.2","toolchain":"gcc-15.2.0","device_id":"c1810c76790e","health":"OK","target_ok":true,"cores":2,"flash_bytes":16777216,"psram_bytes":8388608,"partitions_ok":true,"reset_reason":11,"display":"OK","tf":"READY","rtc":true,"rtc_valid":true,"utc":"2026-01-06T07:58:19Z","shtc3":true,"sensor_valid":true,"wifi":"UNCONFIG","credentials_persisted":false,"tf_logging":true,"logging_error":0,"temperature_tenths_c":273,"humidity_tenths_percent":368,"key_short":0,"key_long":0,"elf_sha256":"2cb245f67e7290c680ea5cd4582af8c0417a1cdea44d7d6d47b0aa3dcc63feb9","image_sha256":"ba8d651d9c7372dd7439e69e0b6b092c327c52c1e7bef68c38bf1a5dca55310f"}
frame>  
frame>  {"schema_version":1,"sequence":8,"uptime_us":72255285,"utc_valid":true,"utc":"2026-01-06T07:58:19Z","source":"m1","event":"status","mode":"normal","status":"OK","device_id":"c1810c76790e","app":"7bae861-dirty","idf":"v6.0.2","toolchain":"gcc-15.2.0","image_sha256":"ba8d651d9c7372dd7439e69e0b6b092c327c52c1e7bef68c38bf1a5dca55310f","partitions":true,"reset_reason":11,"tf":"READY","wifi":"UNCONFIG","rtc":true,"shtc3":true,"sensor_valid":true,"temperature_tenths_c":273,"humidity_tenths_percent":368,"key_short":0,"key_long":0,"crc32c":"c157ff61"}
18:10:22 >>> PLEASE PRESS KEY: exactly 2 SHORT (<1s) + 2 LONG (>=1s) presses.
18:10:22 >>> KEY WINDOW OPEN 180s -- press now

frame>  
frame>  status --json
{"schema_version":1,"firmware":"0.1.0-dev.1","idf":"v6.0.2","toolchain":"gcc-15.2.0","device_id":"c1810c76790e","health":"OK","target_ok":true,"cores":2,"flash_bytes":16777216,"psram_bytes":8388608,"partitions_ok":true,"reset_reason":11,"display":"OK","tf":"READY","rtc":true,"rtc_valid":true,"utc":"2026-01-06T07:58:19Z","shtc3":true,"sensor_valid":true,"wifi":"UNCONFIG","credentials_persisted":false,"tf_logging":true,"logging_error":0,"temperature_tenths_c":273,"humidity_tenths_percent":368,"key_short":0,"key_long":0,"elf_sha256":"2cb245f67e7290c680ea5cd4582af8c0417a1cdea44d7d6d47b0aa3dcc63feb9","image_sha256":"ba8d651d9c7372dd7439e69e0b6b092c327c52c1e7bef68c38bf1a5dca55310f"}
frame>  
frame>  {"schema_version":1,"sequence":9,"uptime_us":82268235,"utc_valid":true,"utc":"2026-01-06T07:58:29Z","source":"m1","event":"status","mode":"normal","status":"OK","device_id":"c1810c76790e","app":"7bae861-dirty","idf":"v6.0.2","toolchain":"gcc-15.2.0","image_sha256":"ba8d651d9c7372dd7439e69e0b6b092c327c52c1e7bef68c38bf1a5dca55310f","partitions":true,"reset_reason":11,"tf":"READY","wifi":"UNCONFIG","rtc":true,"shtc3":true,"sensor_valid":true,"temperature_tenths_c":274,"humidity_tenths_percent":368,"key_short":0,"key_long":0,"crc32c":"9b498cb1"}

frame>  
frame>  status --json
{"schema_version":1,"firmware":"0.1.0-dev.1","idf":"v6.0.2","toolchain":"gcc-15.2.0","device_id":"c1810c76790e","health":"OK","target_ok":true,"cores":2,"flash_bytes":16777216,"psram_bytes":8388608,"partitions_ok":true,"reset_reason":11,"display":"OK","tf":"READY","rtc":true,"rtc_valid":true,"utc":"2026-01-06T07:58:29Z","shtc3":true,"sensor_valid":true,"wifi":"UNCONFIG","credentials_persisted":false,"tf_logging":true,"logging_error":0,"temperature_tenths_c":274,"humidity_tenths_percent":368,"key_short":0,"key_long":0,"elf_sha256":"2cb245f67e7290c680ea5cd4582af8c0417a1cdea44d7d6d47b0aa3dcc63feb9","image_sha256":"ba8d651d9c7372dd7439e69e0b6b092c327c52c1e7bef68c38bf1a5dca55310f"}
frame>  
frame>  
frame>  
frame>  status --json
{"schema_version":1,"firmware":"0.1.0-dev.1","idf":"v6.0.2","toolchain":"gcc-15.2.0","device_id":"c1810c76790e","health":"OK","target_ok":true,"cores":2,"flash_bytes":16777216,"psram_bytes":8388608,"partitions_ok":true,"reset_reason":11,"display":"OK","tf":"READY","rtc":true,"rtc_valid":true,"utc":"2026-01-06T07:58:39Z","shtc3":true,"sensor_valid":true,"wifi":"UNCONFIG","credentials_persisted":false,"tf_logging":true,"logging_error":0,"temperature_tenths_c":274,"humidity_tenths_percent":368,"key_short":0,"key_long":0,"elf_sha256":"2cb245f67e7290c680ea5cd4582af8c0417a1cdea44d7d6d47b0aa3dcc63feb9","image_sha256":"ba8d651d9c7372dd7439e69e0b6b092c327c52c1e7bef68c38bf1a5dca55310f"}
frame>  
frame>  {"schema_version":1,"sequence":10,"uptime_us":92281286,"utc_valid":true,"utc":"2026-01-06T07:58:39Z","source":"m1","event":"status","mode":"normal","status":"OK","device_id":"c1810c76790e","app":"7bae861-dirty","idf":"v6.0.2","toolchain":"gcc-15.2.0","image_sha256":"ba8d651d9c7372dd7439e69e0b6b092c327c52c1e7bef68c38bf1a5dca55310f","partitions":true,"reset_reason":11,"tf":"READY","wifi":"UNCONFIG","rtc":true,"shtc3":true,"sensor_valid":true,"temperature_tenths_c":274,"humidity_tenths_percent":368,"key_short":0,"key_long":0,"crc32c":"53c41198"}

frame>  
frame>  status --json
{"schema_version":1,"firmware":"0.1.0-dev.1","idf":"v6.0.2","toolchain":"gcc-15.2.0","device_id":"c1810c76790e","health":"OK","target_ok":true,"cores":2,"flash_bytes":16777216,"psram_bytes":8388608,"partitions_ok":true,"reset_reason":11,"display":"OK","tf":"READY","rtc":true,"rtc_valid":true,"utc":"2026-01-06T07:58:39Z","shtc3":true,"sensor_valid":true,"wifi":"UNCONFIG","credentials_persisted":false,"tf_logging":true,"logging_error":0,"temperature_tenths_c":274,"humidity_tenths_percent":368,"key_short":0,"key_long":0,"elf_sha256":"2cb245f67e7290c680ea5cd4582af8c0417a1cdea44d7d6d47b0aa3dcc63feb9","image_sha256":"ba8d651d9c7372dd7439e69e0b6b092c327c52c1e7bef68c38bf1a5dca55310f"}
frame>  
frame>  {"schema_version":1,"sequence":11,"uptime_us":102294194,"utc_valid":true,"utc":"2026-01-06T07:58:49Z","source":"m1","event":"status","mode":"normal","status":"OK","device_id":"c1810c76790e","app":"7bae861-dirty","idf":"v6.0.2","toolchain":"gcc-15.2.0","image_sha256":"ba8d651d9c7372dd7439e69e0b6b092c327c52c1e7bef68c38bf1a5dca55310f","partitions":true,"reset_reason":11,"tf":"READY","wifi":"UNCONFIG","rtc":true,"shtc3":true,"sensor_valid":true,"temperature_tenths_c":274,"humidity_tenths_percent":368,"key_short":0,"key_long":0,"crc32c":"ee426de3"}

frame>  
frame>  status --json
{"schema_version":1,"firmware":"0.1.0-dev.1","idf":"v6.0.2","toolchain":"gcc-15.2.0","device_id":"c1810c76790e","health":"OK","target_ok":true,"cores":2,"flash_bytes":16777216,"psram_bytes":8388608,"partitions_ok":true,"reset_reason":11,"display":"OK","tf":"READY","rtc":true,"rtc_valid":true,"utc":"2026-01-06T07:58:49Z","shtc3":true,"sensor_valid":true,"wifi":"UNCONFIG","credentials_persisted":false,"tf_logging":true,"logging_error":0,"temperature_tenths_c":274,"humidity_tenths_percent":368,"key_short":0,"key_long":0,"elf_sha256":"2cb245f67e7290c680ea5cd4582af8c0417a1cdea44d7d6d47b0aa3dcc63feb9","image_sha256":"ba8d651d9c7372dd7439e69e0b6b092c327c52c1e7bef68c38bf1a5dca55310f"}
frame>  
frame>  {"schema_version":1,"sequence":12,"uptime_us":112308208,"utc_valid":true,"utc":"2026-01-06T07:58:59Z","source":"m1","event":"status","mode":"normal","status":"OK","device_id":"c1810c76790e","app":"7bae861-dirty","idf":"v6.0.2","toolchain":"gcc-15.2.0","image_sha256":"ba8d651d9c7372dd7439e69e0b6b092c327c52c1e7bef68c38bf1a5dca55310f","partitions":true,"reset_reason":11,"tf":"READY","wifi":"UNCONFIG","rtc":true,"shtc3":true,"sensor_valid":true,"temperature_tenths_c":274,"humidity_tenths_percent":368,"key_short":0,"key_long":0,"crc32c":"e06b80bb"}

frame>  
frame>  status --json
{"schema_version":1,"firmware":"0.1.0-dev.1","idf":"v6.0.2","toolchain":"gcc-15.2.0","device_id":"c1810c76790e","health":"OK","target_ok":true,"cores":2,"flash_bytes":16777216,"psram_bytes":8388608,"partitions_ok":true,"reset_reason":11,"display":"OK","tf":"READY","rtc":true,"rtc_valid":true,"utc":"2026-01-06T07:58:59Z","shtc3":true,"sensor_valid":true,"wifi":"UNCONFIG","credentials_persisted":false,"tf_logging":true,"logging_error":0,"temperature_tenths_c":274,"humidity_tenths_percent":368,"key_short":0,"key_long":0,"elf_sha256":"2cb245f67e7290c680ea5cd4582af8c0417a1cdea44d7d6d47b0aa3dcc63feb9","image_sha256":"ba8d651d9c7372dd7439e69e0b6b092c327c52c1e7bef68c38bf1a5dca55310f"}
frame>  
frame>  {"schema_version":1,"sequence":13,"uptime_us":122321208,"utc_valid":true,"utc":"2026-01-06T07:59:09Z","source":"m1","event":"status","mode":"normal","status":"OK","device_id":"c1810c76790e","app":"7bae861-dirty","idf":"v6.0.2","toolchain":"gcc-15.2.0","image_sha256":"ba8d651d9c7372dd7439e69e0b6b092c327c52c1e7bef68c38bf1a5dca55310f","partitions":true,"reset_reason":11,"tf":"READY","wifi":"UNCONFIG","rtc":true,"shtc3":true,"sensor_valid":true,"temperature_tenths_c":273,"humidity_tenths_percent":369,"key_short":0,"key_long":0,"crc32c":"2dac274e"}

frame>  
frame>  status --json
{"schema_version":1,"firmware":"0.1.0-dev.1","idf":"v6.0.2","toolchain":"gcc-15.2.0","device_id":"c1810c76790e","health":"OK","target_ok":true,"cores":2,"flash_bytes":16777216,"psram_bytes":8388608,"partitions_ok":true,"reset_reason":11,"display":"OK","tf":"READY","rtc":true,"rtc_valid":true,"utc":"2026-01-06T07:59:09Z","shtc3":true,"sensor_valid":true,"wifi":"UNCONFIG","credentials_persisted":false,"tf_logging":true,"logging_error":0,"temperature_tenths_c":273,"humidity_tenths_percent":369,"key_short":0,"key_long":0,"elf_sha256":"2cb245f67e7290c680ea5cd4582af8c0417a1cdea44d7d6d47b0aa3dcc63feb9","image_sha256":"ba8d651d9c7372dd7439e69e0b6b092c327c52c1e7bef68c38bf1a5dca55310f"}
frame>  
frame>  
frame>  
frame>  status --json
{"schema_version":1,"firmware":"0.1.0-dev.1","idf":"v6.0.2","toolchain":"gcc-15.2.0","device_id":"c1810c76790e","health":"OK","target_ok":true,"cores":2,"flash_bytes":16777216,"psram_bytes":8388608,"partitions_ok":true,"reset_reason":11,"display":"OK","tf":"READY","rtc":true,"rtc_valid":true,"utc":"2026-01-06T07:59:19Z","shtc3":true,"sensor_valid":true,"wifi":"UNCONFIG","credentials_persisted":false,"tf_logging":true,"logging_error":0,"temperature_tenths_c":273,"humidity_tenths_percent":369,"key_short":0,"key_long":0,"elf_sha256":"2cb245f67e7290c680ea5cd4582af8c0417a1cdea44d7d6d47b0aa3dcc63feb9","image_sha256":"ba8d651d9c7372dd7439e69e0b6b092c327c52c1e7bef68c38bf1a5dca55310f"}
frame>  
frame>  {"schema_version":1,"sequence":14,"uptime_us":132337285,"utc_valid":true,"utc":"2026-01-06T07:59:19Z","source":"m1","event":"status","mode":"normal","status":"OK","device_id":"c1810c76790e","app":"7bae861-dirty","idf":"v6.0.2","toolchain":"gcc-15.2.0","image_sha256":"ba8d651d9c7372dd7439e69e0b6b092c327c52c1e7bef68c38bf1a5dca55310f","partitions":true,"reset_reason":11,"tf":"READY","wifi":"UNCONFIG","rtc":true,"shtc3":true,"sensor_valid":true,"temperature_tenths_c":273,"humidity_tenths_percent":369,"key_short":0,"key_long":0,"crc32c":"6fcfa1cb"}

frame>  
frame>  status --json
{"schema_version":1,"firmware":"0.1.0-dev.1","idf":"v6.0.2","toolchain":"gcc-15.2.0","device_id":"c1810c76790e","health":"OK","target_ok":true,"cores":2,"flash_bytes":16777216,"psram_bytes":8388608,"partitions_ok":true,"reset_reason":11,"display":"OK","tf":"READY","rtc":true,"rtc_valid":true,"utc":"2026-01-06T07:59:19Z","shtc3":true,"sensor_valid":true,"wifi":"UNCONFIG","credentials_persisted":false,"tf_logging":true,"logging_error":0,"temperature_tenths_c":273,"humidity_tenths_percent":369,"key_short":0,"key_long":0,"elf_sha256":"2cb245f67e7290c680ea5cd4582af8c0417a1cdea44d7d6d47b0aa3dcc63feb9","image_sha256":"ba8d651d9c7372dd7439e69e0b6b092c327c52c1e7bef68c38bf1a5dca55310f"}
frame>  
frame>  {"schema_version":1,"sequence":15,"uptime_us":142350197,"utc_valid":true,"utc":"2026-01-06T07:59:29Z","source":"m1","event":"status","mode":"normal","status":"OK","device_id":"c1810c76790e","app":"7bae861-dirty","idf":"v6.0.2","toolchain":"gcc-15.2.0","image_sha256":"ba8d651d9c7372dd7439e69e0b6b092c327c52c1e7bef68c38bf1a5dca55310f","partitions":true,"reset_reason":11,"tf":"READY","wifi":"UNCONFIG","rtc":true,"shtc3":true,"sensor_valid":true,"temperature_tenths_c":274,"humidity_tenths_percent":370,"key_short":0,"key_long":0,"crc32c":"3df3435d"}

frame>  
frame>  status --json
{"schema_version":1,"firmware":"0.1.0-dev.1","idf":"v6.0.2","toolchain":"gcc-15.2.0","device_id":"c1810c76790e","health":"OK","target_ok":true,"cores":2,"flash_bytes":16777216,"psram_bytes":8388608,"partitions_ok":true,"reset_reason":11,"display":"OK","tf":"READY","rtc":true,"rtc_valid":true,"utc":"2026-01-06T07:59:29Z","shtc3":true,"sensor_valid":true,"wifi":"UNCONFIG","credentials_persisted":false,"tf_logging":true,"logging_error":0,"temperature_tenths_c":274,"humidity_tenths_percent":370,"key_short":0,"key_long":0,"elf_sha256":"2cb245f67e7290c680ea5cd4582af8c0417a1cdea44d7d6d47b0aa3dcc63feb9","image_sha256":"ba8d651d9c7372dd7439e69e0b6b092c327c52c1e7bef68c38bf1a5dca55310f"}
frame>  
frame>  {"schema_version":1,"sequence":16,"uptime_us":152363201,"utc_valid":true,"utc":"2026-01-06T07:59:39Z","source":"m1","event":"status","mode":"normal","status":"OK","device_id":"c1810c76790e","app":"7bae861-dirty","idf":"v6.0.2","toolchain":"gcc-15.2.0","image_sha256":"ba8d651d9c7372dd7439e69e0b6b092c327c52c1e7bef68c38bf1a5dca55310f","partitions":true,"reset_reason":11,"tf":"READY","wifi":"UNCONFIG","rtc":true,"shtc3":true,"sensor_valid":true,"temperature_tenths_c":274,"humidity_tenths_percent":370,"key_short":0,"key_long":0,"crc32c":"17150b6e"}

frame>  
frame>  status --json
{"schema_version":1,"firmware":"0.1.0-dev.1","idf":"v6.0.2","toolchain":"gcc-15.2.0","device_id":"c1810c76790e","health":"OK","target_ok":true,"cores":2,"flash_bytes":16777216,"psram_bytes":8388608,"partitions_ok":true,"reset_reason":11,"display":"OK","tf":"READY","rtc":true,"rtc_valid":true,"utc":"2026-01-06T07:59:39Z","shtc3":true,"sensor_valid":true,"wifi":"UNCONFIG","credentials_persisted":false,"tf_logging":true,"logging_error":0,"temperature_tenths_c":274,"humidity_tenths_percent":370,"key_short":0,"key_long":0,"elf_sha256":"2cb245f67e7290c680ea5cd4582af8c0417a1cdea44d7d6d47b0aa3dcc63feb9","image_sha256":"ba8d651d9c7372dd7439e69e0b6b092c327c52c1e7bef68c38bf1a5dca55310f"}
frame>  
frame>  {"schema_version":1,"sequence":17,"uptime_us":162376215,"utc_valid":true,"utc":"2026-01-06T07:59:49Z","source":"m1","event":"status","mode":"normal","status":"OK","device_id":"c1810c76790e","app":"7bae861-dirty","idf":"v6.0.2","toolchain":"gcc-15.2.0","image_sha256":"ba8d651d9c7372dd7439e69e0b6b092c327c52c1e7bef68c38bf1a5dca55310f","partitions":true,"reset_reason":11,"tf":"READY","wifi":"UNCONFIG","rtc":true,"shtc3":true,"sensor_valid":true,"temperature_tenths_c":273,"humidity_tenths_percent":371,"key_short":0,"key_long":0,"crc32c":"92b404a0"}

frame>  
frame>  status --json
{"schema_version":1,"firmware":"0.1.0-dev.1","idf":"v6.0.2","toolchain":"gcc-15.2.0","device_id":"c1810c76790e","health":"OK","target_ok":true,"cores":2,"flash_bytes":16777216,"psram_bytes":8388608,"partitions_ok":true,"reset_reason":11,"display":"OK","tf":"READY","rtc":true,"rtc_valid":true,"utc":"2026-01-06T07:59:49Z","shtc3":true,"sensor_valid":true,"wifi":"UNCONFIG","credentials_persisted":false,"tf_logging":true,"logging_error":0,"temperature_tenths_c":273,"humidity_tenths_percent":371,"key_short":0,"key_long":0,"elf_sha256":"2cb245f67e7290c680ea5cd4582af8c0417a1cdea44d7d6d47b0aa3dcc63feb9","image_sha256":"ba8d651d9c7372dd7439e69e0b6b092c327c52c1e7bef68c38bf1a5dca55310f"}
frame>  
frame>  
frame>  
frame>  status --json
{"schema_version":1,"firmware":"0.1.0-dev.1","idf":"v6.0.2","toolchain":"gcc-15.2.0","device_id":"c1810c76790e","health":"OK","target_ok":true,"cores":2,"flash_bytes":16777216,"psram_bytes":8388608,"partitions_ok":true,"reset_reason":11,"display":"OK","tf":"READY","rtc":true,"rtc_valid":true,"utc":"2026-01-06T07:59:59Z","shtc3":true,"sensor_valid":true,"wifi":"UNCONFIG","credentials_persisted":false,"tf_logging":true,"logging_error":0,"temperature_tenths_c":274,"humidity_tenths_percent":371,"key_short":0,"key_long":0,"elf_sha256":"2cb245f67e7290c680ea5cd4582af8c0417a1cdea44d7d6d47b0aa3dcc63feb9","image_sha256":"ba8d651d9c7372dd7439e69e0b6b092c327c52c1e7bef68c38bf1a5dca55310f"}
frame>  
frame>  {"schema_version":1,"sequence":18,"uptime_us":172389290,"utc_valid":true,"utc":"2026-01-06T07:59:59Z","source":"m1","event":"status","mode":"normal","status":"OK","device_id":"c1810c76790e","app":"7bae861-dirty","idf":"v6.0.2","toolchain":"gcc-15.2.0","image_sha256":"ba8d651d9c7372dd7439e69e0b6b092c327c52c1e7bef68c38bf1a5dca55310f","partitions":true,"reset_reason":11,"tf":"READY","wifi":"UNCONFIG","rtc":true,"shtc3":true,"sensor_valid":true,"temperature_tenths_c":274,"humidity_tenths_percent":371,"key_short":0,"key_long":0,"crc32c":"8502ef52"}

frame>  
frame>  status --json
{"schema_version":1,"firmware":"0.1.0-dev.1","idf":"v6.0.2","toolchain":"gcc-15.2.0","device_id":"c1810c76790e","health":"OK","target_ok":true,"cores":2,"flash_bytes":16777216,"psram_bytes":8388608,"partitions_ok":true,"reset_reason":11,"display":"OK","tf":"READY","rtc":true,"rtc_valid":true,"utc":"2026-01-06T07:59:59Z","shtc3":true,"sensor_valid":true,"wifi":"UNCONFIG","credentials_persisted":false,"tf_logging":true,"logging_error":0,"temperature_tenths_c":274,"humidity_tenths_percent":371,"key_short":0,"key_long":0,"elf_sha256":"2cb245f67e7290c680ea5cd4582af8c0417a1cdea44d7d6d47b0aa3dcc63feb9","image_sha256":"ba8d651d9c7372dd7439e69e0b6b092c327c52c1e7bef68c38bf1a5dca55310f"}
frame>  
frame>  {"schema_version":1,"sequence":19,"uptime_us":182402196,"utc_valid":true,"utc":"2026-01-06T08:00:09Z","source":"m1","event":"status","mode":"normal","status":"OK","device_id":"c1810c76790e","app":"7bae861-dirty","idf":"v6.0.2","toolchain":"gcc-15.2.0","image_sha256":"ba8d651d9c7372dd7439e69e0b6b092c327c52c1e7bef68c38bf1a5dca55310f","partitions":true,"reset_reason":11,"tf":"READY","wifi":"UNCONFIG","rtc":true,"shtc3":true,"sensor_valid":true,"temperature_tenths_c":273,"humidity_tenths_percent":371,"key_short":0,"key_long":0,"crc32c":"436519b6"}

frame>  
frame>  status --json
{"schema_version":1,"firmware":"0.1.0-dev.1","idf":"v6.0.2","toolchain":"gcc-15.2.0","device_id":"c1810c76790e","health":"OK","target_ok":true,"cores":2,"flash_bytes":16777216,"psram_bytes":8388608,"partitions_ok":true,"reset_reason":11,"display":"OK","tf":"READY","rtc":true,"rtc_valid":true,"utc":"2026-01-06T08:00:09Z","shtc3":true,"sensor_valid":true,"wifi":"UNCONFIG","credentials_persisted":false,"tf_logging":true,"logging_error":0,"temperature_tenths_c":273,"humidity_tenths_percent":371,"key_short":0,"key_long":0,"elf_sha256":"2cb245f67e7290c680ea5cd4582af8c0417a1cdea44d7d6d47b0aa3dcc63feb9","image_sha256":"ba8d651d9c7372dd7439e69e0b6b092c327c52c1e7bef68c38bf1a5dca55310f"}
frame>  
frame>  {"schema_version":1,"sequence":20,"uptime_us":192415201,"utc_valid":true,"utc":"2026-01-06T08:00:19Z","source":"m1","event":"status","mode":"normal","status":"OK","device_id":"c1810c76790e","app":"7bae861-dirty","idf":"v6.0.2","toolchain":"gcc-15.2.0","image_sha256":"ba8d651d9c7372dd7439e69e0b6b092c327c52c1e7bef68c38bf1a5dca55310f","partitions":true,"reset_reason":11,"tf":"READY","wifi":"UNCONFIG","rtc":true,"shtc3":true,"sensor_valid":true,"temperature_tenths_c":273,"humidity_tenths_percent":371,"key_short":0,"key_long":0,"crc32c":"2a187fc3"}

frame>  
frame>  status --json
{"schema_version":1,"firmware":"0.1.0-dev.1","idf":"v6.0.2","toolchain":"gcc-15.2.0","device_id":"c1810c76790e","health":"OK","target_ok":true,"cores":2,"flash_bytes":16777216,"psram_bytes":8388608,"partitions_ok":true,"reset_reason":11,"display":"OK","tf":"READY","rtc":true,"rtc_valid":true,"utc":"2026-01-06T08:00:19Z","shtc3":true,"sensor_valid":true,"wifi":"UNCONFIG","credentials_persisted":false,"tf_logging":true,"logging_error":0,"temperature_tenths_c":273,"humidity_tenths_percent":371,"key_short":0,"key_long":0,"elf_sha256":"2cb245f67e7290c680ea5cd4582af8c0417a1cdea44d7d6d47b0aa3dcc63feb9","image_sha256":"ba8d651d9c7372dd7439e69e0b6b092c327c52c1e7bef68c38bf1a5dca55310f"}
frame>  
frame>  {"schema_version":1,"sequence":21,"uptime_us":202431208,"utc_valid":true,"utc":"2026-01-06T08:00:29Z","source":"m1","event":"status","mode":"normal","status":"OK","device_id":"c1810c76790e","app":"7bae861-dirty","idf":"v6.0.2","toolchain":"gcc-15.2.0","image_sha256":"ba8d651d9c7372dd7439e69e0b6b092c327c52c1e7bef68c38bf1a5dca55310f","partitions":true,"reset_reason":11,"tf":"READY","wifi":"UNCONFIG","rtc":true,"shtc3":true,"sensor_valid":true,"temperature_tenths_c":274,"humidity_tenths_percent":371,"key_short":0,"key_long":0,"crc32c":"ceb065c6"}

frame>  
frame>  status --json
{"schema_version":1,"firmware":"0.1.0-dev.1","idf":"v6.0.2","toolchain":"gcc-15.2.0","device_id":"c1810c76790e","health":"OK","target_ok":true,"cores":2,"flash_bytes":16777216,"psram_bytes":8388608,"partitions_ok":true,"reset_reason":11,"display":"OK","tf":"READY","rtc":true,"rtc_valid":true,"utc":"2026-01-06T08:00:29Z","shtc3":true,"sensor_valid":true,"wifi":"UNCONFIG","credentials_persisted":false,"tf_logging":true,"logging_error":0,"temperature_tenths_c":274,"humidity_tenths_percent":371,"key_short":0,"key_long":0,"elf_sha256":"2cb245f67e7290c680ea5cd4582af8c0417a1cdea44d7d6d47b0aa3dcc63feb9","image_sha256":"ba8d651d9c7372dd7439e69e0b6b092c327c52c1e7bef68c38bf1a5dca55310f"}
frame>  
frame>  
frame>  
frame>  status --json
{"schema_version":1,"firmware":"0.1.0-dev.1","idf":"v6.0.2","toolchain":"gcc-15.2.0","device_id":"c1810c76790e","health":"OK","target_ok":true,"cores":2,"flash_bytes":16777216,"psram_bytes":8388608,"partitions_ok":true,"reset_reason":11,"display":"OK","tf":"READY","rtc":true,"rtc_valid":true,"utc":"2026-01-06T08:00:39Z","shtc3":true,"sensor_valid":true,"wifi":"UNCONFIG","credentials_persisted":false,"tf_logging":true,"logging_error":0,"temperature_tenths_c":274,"humidity_tenths_percent":372,"key_short":0,"key_long":0,"elf_sha256":"2cb245f67e7290c680ea5cd4582af8c0417a1cdea44d7d6d47b0aa3dcc63feb9","image_sha256":"ba8d651d9c7372dd7439e69e0b6b092c327c52c1e7bef68c38bf1a5dca55310f"}
frame>  
frame>  {"schema_version":1,"sequence":22,"uptime_us":212444284,"utc_valid":true,"utc":"2026-01-06T08:00:39Z","source":"m1","event":"status","mode":"normal","status":"OK","device_id":"c1810c76790e","app":"7bae861-dirty","idf":"v6.0.2","toolchain":"gcc-15.2.0","image_sha256":"ba8d651d9c7372dd7439e69e0b6b092c327c52c1e7bef68c38bf1a5dca55310f","partitions":true,"reset_reason":11,"tf":"READY","wifi":"UNCONFIG","rtc":true,"shtc3":true,"sensor_valid":true,"temperature_tenths_c":274,"humidity_tenths_percent":372,"key_short":0,"key_long":0,"crc32c":"5c9d3c73"}

frame>  
frame>  status --json
{"schema_version":1,"firmware":"0.1.0-dev.1","idf":"v6.0.2","toolchain":"gcc-15.2.0","device_id":"c1810c76790e","health":"OK","target_ok":true,"cores":2,"flash_bytes":16777216,"psram_bytes":8388608,"partitions_ok":true,"reset_reason":11,"display":"OK","tf":"READY","rtc":true,"rtc_valid":true,"utc":"2026-01-06T08:00:39Z","shtc3":true,"sensor_valid":true,"wifi":"UNCONFIG","credentials_persisted":false,"tf_logging":true,"logging_error":0,"temperature_tenths_c":274,"humidity_tenths_percent":372,"key_short":0,"key_long":0,"elf_sha256":"2cb245f67e7290c680ea5cd4582af8c0417a1cdea44d7d6d47b0aa3dcc63feb9","image_sha256":"ba8d651d9c7372dd7439e69e0b6b092c327c52c1e7bef68c38bf1a5dca55310f"}
frame>  
frame>  {"schema_version":1,"sequence":23,"uptime_us":222457194,"utc_valid":true,"utc":"2026-01-06T08:00:49Z","source":"m1","event":"status","mode":"normal","status":"OK","device_id":"c1810c76790e","app":"7bae861-dirty","idf":"v6.0.2","toolchain":"gcc-15.2.0","image_sha256":"ba8d651d9c7372dd7439e69e0b6b092c327c52c1e7bef68c38bf1a5dca55310f","partitions":true,"reset_reason":11,"tf":"READY","wifi":"UNCONFIG","rtc":true,"shtc3":true,"sensor_valid":true,"temperature_tenths_c":274,"humidity_tenths_percent":371,"key_short":0,"key_long":0,"crc32c":"98846cd6"}

frame>  
frame>  status --json
{"schema_version":1,"firmware":"0.1.0-dev.1","idf":"v6.0.2","toolchain":"gcc-15.2.0","device_id":"c1810c76790e","health":"OK","target_ok":true,"cores":2,"flash_bytes":16777216,"psram_bytes":8388608,"partitions_ok":true,"reset_reason":11,"display":"OK","tf":"READY","rtc":true,"rtc_valid":true,"utc":"2026-01-06T08:00:49Z","shtc3":true,"sensor_valid":true,"wifi":"UNCONFIG","credentials_persisted":false,"tf_logging":true,"logging_error":0,"temperature_tenths_c":274,"humidity_tenths_percent":371,"key_short":0,"key_long":0,"elf_sha256":"2cb245f67e7290c680ea5cd4582af8c0417a1cdea44d7d6d47b0aa3dcc63feb9","image_sha256":"ba8d651d9c7372dd7439e69e0b6b092c327c52c1e7bef68c38bf1a5dca55310f"}
frame>  
frame>  {"schema_version":1,"sequence":24,"uptime_us":232470193,"utc_valid":true,"utc":"2026-01-06T08:00:59Z","source":"m1","event":"status","mode":"normal","status":"OK","device_id":"c1810c76790e","app":"7bae861-dirty","idf":"v6.0.2","toolchain":"gcc-15.2.0","image_sha256":"ba8d651d9c7372dd7439e69e0b6b092c327c52c1e7bef68c38bf1a5dca55310f","partitions":true,"reset_reason":11,"tf":"READY","wifi":"UNCONFIG","rtc":true,"shtc3":true,"sensor_valid":true,"temperature_tenths_c":274,"humidity_tenths_percent":371,"key_short":0,"key_long":0,"crc32c":"75b47dc2"}

frame>  
frame>  status --json
{"schema_version":1,"firmware":"0.1.0-dev.1","idf":"v6.0.2","toolchain":"gcc-15.2.0","device_id":"c1810c76790e","health":"OK","target_ok":true,"cores":2,"flash_bytes":16777216,"psram_bytes":8388608,"partitions_ok":true,"reset_reason":11,"display":"OK","tf":"READY","rtc":true,"rtc_valid":true,"utc":"2026-01-06T08:00:59Z","shtc3":true,"sensor_valid":true,"wifi":"UNCONFIG","credentials_persisted":false,"tf_logging":true,"logging_error":0,"temperature_tenths_c":274,"humidity_tenths_percent":371,"key_short":0,"key_long":0,"elf_sha256":"2cb245f67e7290c680ea5cd4582af8c0417a1cdea44d7d6d47b0aa3dcc63feb9","image_sha256":"ba8d651d9c7372dd7439e69e0b6b092c327c52c1e7bef68c38bf1a5dca55310f"}
frame>  
frame>  {"schema_version":1,"sequence":25,"uptime_us":242483196,"utc_valid":true,"utc":"2026-01-06T08:01:09Z","source":"m1","event":"status","mode":"normal","status":"OK","device_id":"c1810c76790e","app":"7bae861-dirty","idf":"v6.0.2","toolchain":"gcc-15.2.0","image_sha256":"ba8d651d9c7372dd7439e69e0b6b092c327c52c1e7bef68c38bf1a5dca55310f","partitions":true,"reset_reason":11,"tf":"READY","wifi":"UNCONFIG","rtc":true,"shtc3":true,"sensor_valid":true,"temperature_tenths_c":273,"humidity_tenths_percent":371,"key_short":0,"key_long":0,"crc32c":"f202114b"}

frame>  
frame>  status --json
{"schema_version":1,"firmware":"0.1.0-dev.1","idf":"v6.0.2","toolchain":"gcc-15.2.0","device_id":"c1810c76790e","health":"OK","target_ok":true,"cores":2,"flash_bytes":16777216,"psram_bytes":8388608,"partitions_ok":true,"reset_reason":11,"display":"OK","tf":"READY","rtc":true,"rtc_valid":true,"utc":"2026-01-06T08:01:09Z","shtc3":true,"sensor_valid":true,"wifi":"UNCONFIG","credentials_persisted":false,"tf_logging":true,"logging_error":0,"temperature_tenths_c":273,"humidity_tenths_percent":371,"key_short":0,"key_long":0,"elf_sha256":"2cb245f67e7290c680ea5cd4582af8c0417a1cdea44d7d6d47b0aa3dcc63feb9","image_sha256":"ba8d651d9c7372dd7439e69e0b6b092c327c52c1e7bef68c38bf1a5dca55310f"}
frame>  
frame>  
frame>  
frame>  status --json
{"schema_version":1,"firmware":"0.1.0-dev.1","idf":"v6.0.2","toolchain":"gcc-15.2.0","device_id":"c1810c76790e","health":"OK","target_ok":true,"cores":2,"flash_bytes":16777216,"psram_bytes":8388608,"partitions_ok":true,"reset_reason":11,"display":"OK","tf":"READY","rtc":true,"rtc_valid":true,"utc":"2026-01-06T08:01:19Z","shtc3":true,"sensor_valid":true,"wifi":"UNCONFIG","credentials_persisted":false,"tf_logging":true,"logging_error":0,"temperature_tenths_c":273,"humidity_tenths_percent":372,"key_short":0,"key_long":0,"elf_sha256":"2cb245f67e7290c680ea5cd4582af8c0417a1cdea44d7d6d47b0aa3dcc63feb9","image_sha256":"ba8d651d9c7372dd7439e69e0b6b092c327c52c1e7bef68c38bf1a5dca55310f"}
frame>  
frame>  {"schema_version":1,"sequence":26,"uptime_us":252497294,"utc_valid":true,"utc":"2026-01-06T08:01:19Z","source":"m1","event":"status","mode":"normal","status":"OK","device_id":"c1810c76790e","app":"7bae861-dirty","idf":"v6.0.2","toolchain":"gcc-15.2.0","image_sha256":"ba8d651d9c7372dd7439e69e0b6b092c327c52c1e7bef68c38bf1a5dca55310f","partitions":true,"reset_reason":11,"tf":"READY","wifi":"UNCONFIG","rtc":true,"shtc3":true,"sensor_valid":true,"temperature_tenths_c":273,"humidity_tenths_percent":372,"key_short":0,"key_long":0,"crc32c":"9815be76"}
18:13:26 >>> KEY WINDOW CLOSED (baseline short=0 long=0; final short=0 long=0)
18:13:26 [DEFERRED-c] no presses observed during 180s window (user unavailable); deferred
18:13:26 >>> PLEASE PULL TF CARD NOW (keep it out until asked)

frame>  
frame>  status --json
{"schema_version":1,"firmware":"0.1.0-dev.1","idf":"v6.0.2","toolchain":"gcc-15.2.0","device_id":"c1810c76790e","health":"OK","target_ok":true,"cores":2,"flash_bytes":16777216,"psram_bytes":8388608,"partitions_ok":true,"reset_reason":11,"display":"OK","tf":"READY","rtc":true,"rtc_valid":true,"utc":"2026-01-06T08:01:19Z","shtc3":true,"sensor_valid":true,"wifi":"UNCONFIG","credentials_persisted":false,"tf_logging":true,"logging_error":0,"temperature_tenths_c":273,"humidity_tenths_percent":372,"key_short":0,"key_long":0,"elf_sha256":"2cb245f67e7290c680ea5cd4582af8c0417a1cdea44d7d6d47b0aa3dcc63feb9","image_sha256":"ba8d651d9c7372dd7439e69e0b6b092c327c52c1e7bef68c38bf1a5dca55310f"}
frame>  
frame>  {"schema_version":1,"sequence":27,"uptime_us":262513195,"utc_valid":true,"utc":"2026-01-06T08:01:29Z","source":"m1","event":"status","mode":"normal","status":"OK","device_id":"c1810c76790e","app":"7bae861-dirty","idf":"v6.0.2","toolchain":"gcc-15.2.0","image_sha256":"ba8d651d9c7372dd7439e69e0b6b092c327c52c1e7bef68c38bf1a5dca55310f","partitions":true,"reset_reason":11,"tf":"READY","wifi":"UNCONFIG","rtc":true,"shtc3":true,"sensor_valid":true,"temperature_tenths_c":274,"humidity_tenths_percent":372,"key_short":0,"key_long":0,"crc32c":"74677e39"}

frame>  
frame>  status --json
{"schema_version":1,"firmware":"0.1.0-dev.1","idf":"v6.0.2","toolchain":"gcc-15.2.0","device_id":"c1810c76790e","health":"OK","target_ok":true,"cores":2,"flash_bytes":16777216,"psram_bytes":8388608,"partitions_ok":true,"reset_reason":11,"display":"OK","tf":"READY","rtc":true,"rtc_valid":true,"utc":"2026-01-06T08:01:29Z","shtc3":true,"sensor_valid":true,"wifi":"UNCONFIG","credentials_persisted":false,"tf_logging":true,"logging_error":0,"temperature_tenths_c":274,"humidity_tenths_percent":372,"key_short":0,"key_long":0,"elf_sha256":"2cb245f67e7290c680ea5cd4582af8c0417a1cdea44d7d6d47b0aa3dcc63feb9","image_sha256":"ba8d651d9c7372dd7439e69e0b6b092c327c52c1e7bef68c38bf1a5dca55310f"}
frame>  
frame>  
frame>  
frame>  status --json
{"schema_version":1,"firmware":"0.1.0-dev.1","idf":"v6.0.2","toolchain":"gcc-15.2.0","device_id":"c1810c76790e","health":"OK","target_ok":true,"cores":2,"flash_bytes":16777216,"psram_bytes":8388608,"partitions_ok":true,"reset_reason":11,"display":"OK","tf":"READY","rtc":true,"rtc_valid":true,"utc":"2026-01-06T08:01:39Z","shtc3":true,"sensor_valid":true,"wifi":"UNCONFIG","credentials_persisted":false,"tf_logging":true,"logging_error":0,"temperature_tenths_c":274,"humidity_tenths_percent":373,"key_short":0,"key_long":0,"elf_sha256":"2cb245f67e7290c680ea5cd4582af8c0417a1cdea44d7d6d47b0aa3dcc63feb9","image_sha256":"ba8d651d9c7372dd7439e69e0b6b092c327c52c1e7bef68c38bf1a5dca55310f"}
frame>  
frame>  {"schema_version":1,"sequence":28,"uptime_us":272526287,"utc_valid":true,"utc":"2026-01-06T08:01:39Z","source":"m1","event":"status","mode":"normal","status":"OK","device_id":"c1810c76790e","app":"7bae861-dirty","idf":"v6.0.2","toolchain":"gcc-15.2.0","image_sha256":"ba8d651d9c7372dd7439e69e0b6b092c327c52c1e7bef68c38bf1a5dca55310f","partitions":true,"reset_reason":11,"tf":"READY","wifi":"UNCONFIG","rtc":true,"shtc3":true,"sensor_valid":true,"temperature_tenths_c":274,"humidity_tenths_percent":373,"key_short":0,"key_long":0,"crc32c":"1e6dae22"}

frame>  
frame>  status --json
{"schema_version":1,"firmware":"0.1.0-dev.1","idf":"v6.0.2","toolchain":"gcc-15.2.0","device_id":"c1810c76790e","health":"OK","target_ok":true,"cores":2,"flash_bytes":16777216,"psram_bytes":8388608,"partitions_ok":true,"reset_reason":11,"display":"OK","tf":"READY","rtc":true,"rtc_valid":true,"utc":"2026-01-06T08:01:39Z","shtc3":true,"sensor_valid":true,"wifi":"UNCONFIG","credentials_persisted":false,"tf_logging":true,"logging_error":0,"temperature_tenths_c":274,"humidity_tenths_percent":373,"key_short":0,"key_long":0,"elf_sha256":"2cb245f67e7290c680ea5cd4582af8c0417a1cdea44d7d6d47b0aa3dcc63feb9","image_sha256":"ba8d651d9c7372dd7439e69e0b6b092c327c52c1e7bef68c38bf1a5dca55310f"}
frame>  
frame>  {"schema_version":1,"sequence":29,"uptime_us":282539197,"utc_valid":true,"utc":"2026-01-06T08:01:49Z","source":"m1","event":"status","mode":"normal","status":"OK","device_id":"c1810c76790e","app":"7bae861-dirty","idf":"v6.0.2","toolchain":"gcc-15.2.0","image_sha256":"ba8d651d9c7372dd7439e69e0b6b092c327c52c1e7bef68c38bf1a5dca55310f","partitions":true,"reset_reason":11,"tf":"READY","wifi":"UNCONFIG","rtc":true,"shtc3":true,"sensor_valid":true,"temperature_tenths_c":273,"humidity_tenths_percent":373,"key_short":0,"key_long":0,"crc32c":"dafb3409"}

frame>  
frame>  status --json
{"schema_version":1,"firmware":"0.1.0-dev.1","idf":"v6.0.2","toolchain":"gcc-15.2.0","device_id":"c1810c76790e","health":"OK","target_ok":true,"cores":2,"flash_bytes":16777216,"psram_bytes":8388608,"partitions_ok":true,"reset_reason":11,"display":"OK","tf":"READY","rtc":true,"rtc_valid":true,"utc":"2026-01-06T08:01:49Z","shtc3":true,"sensor_valid":true,"wifi":"UNCONFIG","credentials_persisted":false,"tf_logging":true,"logging_error":0,"temperature_tenths_c":273,"humidity_tenths_percent":373,"key_short":0,"key_long":0,"elf_sha256":"2cb245f67e7290c680ea5cd4582af8c0417a1cdea44d7d6d47b0aa3dcc63feb9","image_sha256":"ba8d651d9c7372dd7439e69e0b6b092c327c52c1e7bef68c38bf1a5dca55310f"}
frame>  
frame>  
frame>  
frame>  status --json
{"schema_version":1,"firmware":"0.1.0-dev.1","idf":"v6.0.2","toolchain":"gcc-15.2.0","device_id":"c1810c76790e","health":"OK","target_ok":true,"cores":2,"flash_bytes":16777216,"psram_bytes":8388608,"partitions_ok":true,"reset_reason":11,"display":"OK","tf":"READY","rtc":true,"rtc_valid":true,"utc":"2026-01-06T08:01:49Z","shtc3":true,"sensor_valid":true,"wifi":"UNCONFIG","credentials_persisted":false,"tf_logging":true,"logging_error":0,"temperature_tenths_c":273,"humidity_tenths_percent":373,"key_short":0,"key_long":0,"elf_sha256":"2cb245f67e7290c680ea5cd4582af8c0417a1cdea44d7d6d47b0aa3dcc63feb9","image_sha256":"ba8d651d9c7372dd7439e69e0b6b092c327c52c1e7bef68c38bf1a5dca55310f"}
frame>  
frame>  {"schema_version":1,"sequence":30,"uptime_us":292552193,"utc_valid":true,"utc":"2026-01-06T08:01:59Z","source":"m1","event":"status","mode":"normal","status":"OK","device_id":"c1810c76790e","app":"7bae861-dirty","idf":"v6.0.2","toolchain":"gcc-15.2.0","image_sha256":"ba8d651d9c7372dd7439e69e0b6b092c327c52c1e7bef68c38bf1a5dca55310f","partitions":true,"reset_reason":11,"tf":"READY","wifi":"UNCONFIG","rtc":true,"shtc3":true,"sensor_valid":true,"temperature_tenths_c":274,"humidity_tenths_percent":374,"key_short":0,"key_long":0,"crc32c":"6e00bb15"}

frame>  
frame>  status --json
{"schema_version":1,"firmware":"0.1.0-dev.1","idf":"v6.0.2","toolchain":"gcc-15.2.0","device_id":"c1810c76790e","health":"OK","target_ok":true,"cores":2,"flash_bytes":16777216,"psram_bytes":8388608,"partitions_ok":true,"reset_reason":11,"display":"OK","tf":"READY","rtc":true,"rtc_valid":true,"utc":"2026-01-06T08:01:59Z","shtc3":true,"sensor_valid":true,"wifi":"UNCONFIG","credentials_persisted":false,"tf_logging":true,"logging_error":0,"temperature_tenths_c":274,"humidity_tenths_percent":374,"key_short":0,"key_long":0,"elf_sha256":"2cb245f67e7290c680ea5cd4582af8c0417a1cdea44d7d6d47b0aa3dcc63feb9","image_sha256":"ba8d651d9c7372dd7439e69e0b6b092c327c52c1e7bef68c38bf1a5dca55310f"}
frame>  
frame>  
frame>  
frame>  status --json
{"schema_version":1,"firmware":"0.1.0-dev.1","idf":"v6.0.2","toolchain":"gcc-15.2.0","device_id":"c1810c76790e","health":"OK","target_ok":true,"cores":2,"flash_bytes":16777216,"psram_bytes":8388608,"partitions_ok":true,"reset_reason":11,"display":"OK","tf":"READY","rtc":true,"rtc_valid":true,"utc":"2026-01-06T08:02:09Z","shtc3":true,"sensor_valid":true,"wifi":"UNCONFIG","credentials_persisted":false,"tf_logging":true,"logging_error":0,"temperature_tenths_c":273,"humidity_tenths_percent":374,"key_short":0,"key_long":0,"elf_sha256":"2cb245f67e7290c680ea5cd4582af8c0417a1cdea44d7d6d47b0aa3dcc63feb9","image_sha256":"ba8d651d9c7372dd7439e69e0b6b092c327c52c1e7bef68c38bf1a5dca55310f"}
frame>  
frame>  {"schema_version":1,"sequence":31,"uptime_us":302565289,"utc_valid":true,"utc":"2026-01-06T08:02:09Z","source":"m1","event":"status","mode":"normal","status":"OK","device_id":"c1810c76790e","app":"7bae861-dirty","idf":"v6.0.2","toolchain":"gcc-15.2.0","image_sha256":"ba8d651d9c7372dd7439e69e0b6b092c327c52c1e7bef68c38bf1a5dca55310f","partitions":true,"reset_reason":11,"tf":"READY","wifi":"UNCONFIG","rtc":true,"shtc3":true,"sensor_valid":true,"temperature_tenths_c":273,"humidity_tenths_percent":374,"key_short":0,"key_long":0,"crc32c":"29ac69db"}

frame>  
frame>  status --json
{"schema_version":1,"firmware":"0.1.0-dev.1","idf":"v6.0.2","toolchain":"gcc-15.2.0","device_id":"c1810c76790e","health":"OK","target_ok":true,"cores":2,"flash_bytes":16777216,"psram_bytes":8388608,"partitions_ok":true,"reset_reason":11,"display":"OK","tf":"READY","rtc":true,"rtc_valid":true,"utc":"2026-01-06T08:02:09Z","shtc3":true,"sensor_valid":true,"wifi":"UNCONFIG","credentials_persisted":false,"tf_logging":true,"logging_error":0,"temperature_tenths_c":273,"humidity_tenths_percent":374,"key_short":0,"key_long":0,"elf_sha256":"2cb245f67e7290c680ea5cd4582af8c0417a1cdea44d7d6d47b0aa3dcc63feb9","image_sha256":"ba8d651d9c7372dd7439e69e0b6b092c327c52c1e7bef68c38bf1a5dca55310f"}
frame>  
frame>  {"schema_version":1,"sequence":32,"uptime_us":312578201,"utc_valid":true,"utc":"2026-01-06T08:02:19Z","source":"m1","event":"status","mode":"normal","status":"OK","device_id":"c1810c76790e","app":"7bae861-dirty","idf":"v6.0.2","toolchain":"gcc-15.2.0","image_sha256":"ba8d651d9c7372dd7439e69e0b6b092c327c52c1e7bef68c38bf1a5dca55310f","partitions":true,"reset_reason":11,"tf":"READY","wifi":"UNCONFIG","rtc":true,"shtc3":true,"sensor_valid":true,"temperature_tenths_c":273,"humidity_tenths_percent":375,"key_short":0,"key_long":0,"crc32c":"f52a75aa"}

frame>  
frame>  status --json
{"schema_version":1,"firmware":"0.1.0-dev.1","idf":"v6.0.2","toolchain":"gcc-15.2.0","device_id":"c1810c76790e","health":"OK","target_ok":true,"cores":2,"flash_bytes":16777216,"psram_bytes":8388608,"partitions_ok":true,"reset_reason":11,"display":"OK","tf":"READY","rtc":true,"rtc_valid":true,"utc":"2026-01-06T08:02:19Z","shtc3":true,"sensor_valid":true,"wifi":"UNCONFIG","credentials_persisted":false,"tf_logging":true,"logging_error":0,"temperature_tenths_c":273,"humidity_tenths_percent":375,"key_short":0,"key_long":0,"elf_sha256":"2cb245f67e7290c680ea5cd4582af8c0417a1cdea44d7d6d47b0aa3dcc63feb9","image_sha256":"ba8d651d9c7372dd7439e69e0b6b092c327c52c1e7bef68c38bf1a5dca55310f"}
frame>  
frame>  
frame>  
frame>  status --json
{"schema_version":1,"firmware":"0.1.0-dev.1","idf":"v6.0.2","toolchain":"gcc-15.2.0","device_id":"c1810c76790e","health":"OK","target_ok":true,"cores":2,"flash_bytes":16777216,"psram_bytes":8388608,"partitions_ok":true,"reset_reason":11,"display":"OK","tf":"READY","rtc":true,"rtc_valid":true,"utc":"2026-01-06T08:02:19Z","shtc3":true,"sensor_valid":true,"wifi":"UNCONFIG","credentials_persisted":false,"tf_logging":true,"logging_error":0,"temperature_tenths_c":273,"humidity_tenths_percent":375,"key_short":0,"key_long":0,"elf_sha256":"2cb245f67e7290c680ea5cd4582af8c0417a1cdea44d7d6d47b0aa3dcc63feb9","image_sha256":"ba8d651d9c7372dd7439e69e0b6b092c327c52c1e7bef68c38bf1a5dca55310f"}
frame>  
frame>  {"schema_version":1,"sequence":33,"uptime_us":322591198,"utc_valid":true,"utc":"2026-01-06T08:02:29Z","source":"m1","event":"status","mode":"normal","status":"OK","device_id":"c1810c76790e","app":"7bae861-dirty","idf":"v6.0.2","toolchain":"gcc-15.2.0","image_sha256":"ba8d651d9c7372dd7439e69e0b6b092c327c52c1e7bef68c38bf1a5dca55310f","partitions":true,"reset_reason":11,"tf":"READY","wifi":"UNCONFIG","rtc":true,"shtc3":true,"sensor_valid":true,"temperature_tenths_c":274,"humidity_tenths_percent":375,"key_short":0,"key_long":0,"crc32c":"afc24d41"}

frame>  
frame>  status --json
{"schema_version":1,"firmware":"0.1.0-dev.1","idf":"v6.0.2","toolchain":"gcc-15.2.0","device_id":"c1810c76790e","health":"OK","target_ok":true,"cores":2,"flash_bytes":16777216,"psram_bytes":8388608,"partitions_ok":true,"reset_reason":11,"display":"OK","tf":"READY","rtc":true,"rtc_valid":true,"utc":"2026-01-06T08:02:29Z","shtc3":true,"sensor_valid":true,"wifi":"UNCONFIG","credentials_persisted":false,"tf_logging":true,"logging_error":0,"temperature_tenths_c":274,"humidity_tenths_percent":375,"key_short":0,"key_long":0,"elf_sha256":"2cb245f67e7290c680ea5cd4582af8c0417a1cdea44d7d6d47b0aa3dcc63feb9","image_sha256":"ba8d651d9c7372dd7439e69e0b6b092c327c52c1e7bef68c38bf1a5dca55310f"}
frame>  
frame>  
frame>  
frame>  status --json
{"schema_version":1,"firmware":"0.1.0-dev.1","idf":"v6.0.2","toolchain":"gcc-15.2.0","device_id":"c1810c76790e","health":"OK","target_ok":true,"cores":2,"flash_bytes":16777216,"psram_bytes":8388608,"partitions_ok":true,"reset_reason":11,"display":"OK","tf":"READY","rtc":true,"rtc_valid":true,"utc":"2026-01-06T08:02:39Z","shtc3":true,"sensor_valid":true,"wifi":"UNCONFIG","credentials_persisted":false,"tf_logging":true,"logging_error":0,"temperature_tenths_c":273,"humidity_tenths_percent":374,"key_short":0,"key_long":0,"elf_sha256":"2cb245f67e7290c680ea5cd4582af8c0417a1cdea44d7d6d47b0aa3dcc63feb9","image_sha256":"ba8d651d9c7372dd7439e69e0b6b092c327c52c1e7bef68c38bf1a5dca55310f"}
frame>  
frame>  {"schema_version":1,"sequence":34,"uptime_us":332607285,"utc_valid":true,"utc":"2026-01-06T08:02:39Z","source":"m1","event":"status","mode":"normal","status":"OK","device_id":"c1810c76790e","app":"7bae861-dirty","idf":"v6.0.2","toolchain":"gcc-15.2.0","image_sha256":"ba8d651d9c7372dd7439e69e0b6b092c327c52c1e7bef68c38bf1a5dca55310f","partitions":true,"reset_reason":11,"tf":"READY","wifi":"UNCONFIG","rtc":true,"shtc3":true,"sensor_valid":true,"temperature_tenths_c":273,"humidity_tenths_percent":374,"key_short":0,"key_long":0,"crc32c":"3ce17c8a"}

frame>  
frame>  status --json
{"schema_version":1,"firmware":"0.1.0-dev.1","idf":"v6.0.2","toolchain":"gcc-15.2.0","device_id":"c1810c76790e","health":"OK","target_ok":true,"cores":2,"flash_bytes":16777216,"psram_bytes":8388608,"partitions_ok":true,"reset_reason":11,"display":"OK","tf":"READY","rtc":true,"rtc_valid":true,"utc":"2026-01-06T08:02:39Z","shtc3":true,"sensor_valid":true,"wifi":"UNCONFIG","credentials_persisted":false,"tf_logging":true,"logging_error":0,"temperature_tenths_c":273,"humidity_tenths_percent":374,"key_short":0,"key_long":0,"elf_sha256":"2cb245f67e7290c680ea5cd4582af8c0417a1cdea44d7d6d47b0aa3dcc63feb9","image_sha256":"ba8d651d9c7372dd7439e69e0b6b092c327c52c1e7bef68c38bf1a5dca55310f"}
frame>  
frame>  {"schema_version":1,"sequence":35,"uptime_us":342620215,"utc_valid":true,"utc":"2026-01-06T08:02:49Z","source":"m1","event":"status","mode":"normal","status":"OK","device_id":"c1810c76790e","app":"7bae861-dirty","idf":"v6.0.2","toolchain":"gcc-15.2.0","image_sha256":"ba8d651d9c7372dd7439e69e0b6b092c327c52c1e7bef68c38bf1a5dca55310f","partitions":true,"reset_reason":11,"tf":"READY","wifi":"UNCONFIG","rtc":true,"shtc3":true,"sensor_valid":true,"temperature_tenths_c":274,"humidity_tenths_percent":375,"key_short":0,"key_long":0,"crc32c":"e9447e3f"}

frame>  
frame>  status --json
{"schema_version":1,"firmware":"0.1.0-dev.1","idf":"v6.0.2","toolchain":"gcc-15.2.0","device_id":"c1810c76790e","health":"OK","target_ok":true,"cores":2,"flash_bytes":16777216,"psram_bytes":8388608,"partitions_ok":true,"reset_reason":11,"display":"OK","tf":"READY","rtc":true,"rtc_valid":true,"utc":"2026-01-06T08:02:49Z","shtc3":true,"sensor_valid":true,"wifi":"UNCONFIG","credentials_persisted":false,"tf_logging":true,"logging_error":0,"temperature_tenths_c":274,"humidity_tenths_percent":375,"key_short":0,"key_long":0,"elf_sha256":"2cb245f67e7290c680ea5cd4582af8c0417a1cdea44d7d6d47b0aa3dcc63feb9","image_sha256":"ba8d651d9c7372dd7439e69e0b6b092c327c52c1e7bef68c38bf1a5dca55310f"}
frame>  
frame>  18:17:36 followup: PASS-b rerun (15s spacing), DEFERRED-d record, fresh PASS-e/PASS-d window
"schema_version":1,"sequence":36,"uptime_us":352633208,"utc_valid":true,"utc":"2026-01-06T08:02:59Z","source":"m1","event":"status","mode":"normal","status":"OK","device_id":"c1810c76790e","app":"7bae861-dirty","idf":"v6.0.2","toolchain":"gcc-15.2.0","imagESP-ROM:esp32s3-20210327
Build:Mar 27 2021
rst:0x15 (USB_UART_CHIP_RESET),boot:0x8 (SPI_FAST_FLASH_BOOT)
Saved PC:0x4037dec6
SPIWP:0xee
mode:DIO, clock div:1
load:0x3fce2820,len:0x16bc
load:0x403c8700,len:0xf00
load:0x403cb700,len:0x3238
entry 0x403c892c
I (24) boot: ESP-IDF v6.0.2 2nd stage bootloader
I (24) boot: compile time Aug 30 2026 07:33:21
I (25) boot: Multicore bootloader
I (25) boot: chip revision: v0.2
I (25) boot: efuse block revision: v1.4
I (25) qio_mode: Enabling default flash chip QIO
I (25) boot.esp32s3: Boot SPI Speed : 80MHz
I (26) boot.esp32s3: SPI Mode       : QIO
I (26) boot.esp32s3: SPI Flash Size : 16MB
I (26) boot: Enabling RNG early entropy source...
I (26) boot: Partition Table:
I (26) boot: ## Label            Usage          Type ST Offset   Length
I (27) boot:  0 nvs              WiFi data        01 02 00009000 00014000
I (27) boot:  1 nvs_keys         NVS keys         01 04 0001d000 00001000
I (27) boot:  2 otadata          OTA data         01 00 0001e000 00002000
I (28) boot:  3 coredump         Unknown data     01 03 00020000 00020000
I (28) boot:  4 ota_0            OTA app          00 10 00040000 00500000
I (29) boot:  5 ota_1            OTA app          00 11 00540000 00500000
I (29) boot:  6 plugin_fs        Unknown data     01 83 00a40000 004c0000
I (29) boot:  7 system_fs        Unknown data     01 83 00f00000 00100000
I (30) boot: End of partition table
I (30) esp_image: segment 0: paddr=00040020 vaddr=3c0f0020 size=357a8h (219048) map
I (65) esp_image: segment 1: paddr=000757d0 vaddr=3fc9cb00 size=05b50h ( 23376) load
I (69) esp_image: segment 2: paddr=0007b328 vaddr=40374000 size=04cf0h ( 19696) load
I (74) esp_image: segment 3: paddr=00080020 vaddr=42000020 size=e1278h (922232) map
I (217) esp_image: segment 4: paddr=001612a0 vaddr=40378cf0 size=13d74h ( 81268) load
I (233) esp_image: segment 5: paddr=0017501c vaddr=50000000 size=00024h (    36) load
I (244) boot: Loaded app from partition at offset 0x40000
I (244) boot: Disabling RNG early entropy source...
I (245) octal_psram: vendor id    : 0x0d (AP)
I (246) octal_psram: dev id       : 0x02 (generation 3)
I (246) octal_psram: density      : 0x03 (64 Mbit)
I (246) octal_psram: good-die     : 0x01 (Pass)
I (246) octal_psram: Latency      : 0x01 (Fixed)
I (246) octal_psram: VCC          : 0x01 (3V)
I (247) octal_psram: SRF          : 0x01 (Fast Refresh)
I (247) octal_psram: BurstType    : 0x01 (Hybrid Wrap)
I (247) octal_psram: BurstLen     : 0x01 (32 Byte)
I (247) octal_psram: Readlatency  : 0x02 (10 cycles@Fixed)
I (247) octal_psram: DriveStrength: 0x00 (1/1)
I (248) MSPI Timing: Enter psram timing tuning
I (249) esp_psram: Found 8MB PSRAM device
I (249) esp_psram: Speed: 80MHz
I (249) cpu_start: Multicore app
I (675) esp_psram: SPI SRAM memory test OK
I (684) cpu_start: Pro cpu start user code
I (684) cpu_start: cpu freq: 240000000 Hz
I (684) app_init: Application information:
I (684) app_init: Project name:     frame_m1_hardware
I (684) app_init: App version:      7bae861-dirty
I (685) app_init: Compile time:     Aug 30 2026 07:29:56
I (685) app_init: ELF file SHA256:  2cb245f67...
I (685) app_init: ESP-IDF:          v6.0.2
I (685) efuse_init: Min chip rev:     v0.0
I (685) efuse_init: Max chip rev:     v0.99 
I (685) efuse_init: Chip rev:         v0.2
I (685) heap_init: Initializing. RAM available for dynamic allocation:
I (686) heap_init: At 3FCB7890 len 00031E80 (199 KiB): RAM
I (686) heap_init: At 3FCE9710 len 00005724 (21 KiB): RAM
I (686) heap_init: At 3FCF0000 len 00008000 (32 KiB): DRAM
I (686) heap_init: At 600FE000 len 00001FE8 (7 KiB): RTCRAM
I (686) esp_psram: Adding pool of 8192K of PSRAM memory to heap allocator
I (687) spi_flash: detected chip: generic
I (687) spi_flash: flash io: qio
I (688) sleep_gpio: Configure to isolate all GPIO pins in sleep state
I (688) sleep_gpio: Enable automatic switching of GPIO sleep configuration
I (688) esp_core_dump_flash: Init core dump to flash
I (689) esp_core_dump_flash: Found partition 'coredump' @ 20000 131072 bytes
I (707) esp_core_dump_flash: Core dump data checksum is correct
I (707) esp_core_dump_flash: Found core dump 19328 bytes in flash @ 0x20000
I (707) main_task: Started on CPU0
I (707) esp_psram: Reserving pool of 32K of internal memory for DMA/internal allocations
I (708) main_task: Calling app_main()
I (763) frame-m1: Frame M1 0.1.0-dev.1; IDF v6.0.2; toolchain gcc-15.2.0
I (763) frame-m1: board=Waveshare ESP32-S3-RLCD-4.2 module=ESP32-S3-WROOM-1-N16R8 device=c1810c76790e
I (763) frame-m1: cores=2 flash=16777216 psram=8388608 part=OK reset=11 image_sha256=ba8d651d9c7372dd
I (783) pp: pp rom version: e7ae62f
I (783) net80211: net80211 rom version: e7ae62f
I (785) wifi:wifi driver task: 3fcc6db0, prio:23, stack:6656, core=0
I (792) wifi:wifi firmware version: 00ad238
I (792) wifi:wifi certification version: v7.0
I (792) wifi:config NVS flash: enabled
I (792) wifi:config nano formatting: disabled
I (792) wifi:Init data frame dynamic rx buffer num: 32
I (793) wifi:Init static rx mgmt buffer num: 5
I (793) wifi:Init management short buffer num: 32
I (793) wifi:Init dynamic tx buffer num: 32
I (793) wifi:Init static tx FG buffer num: 2
I (793) wifi:Init static rx buffer size: 1600
I (793) wifi:Init static rx buffer num: 10
I (794) wifi:Init dynamic rx buffer num: 32
I (794) wifi_init: rx ba win: 6
I (794) wifi_init: accept mbox: 6
I (795) wifi_init: tcpip mbox: 32
I (795) wifi_init: udp mbox: 6
I (795) wifi_init: tcp mbox: 6
I (795) wifi_init: tcp tx win: 5760
I (795) wifi_init: tcp rx win: 5760
I (795) wifi_init: tcp mss: 1440
I (795) wifi_init: WiFi IRAM OP enabled
I (795) wifi_init: WiFi RX IRAM OP enabled
I (796) phy_init: phy_version 712,87e8c20e,Apr 13 2026,18:51:10
W (822) SD_HOST: input line delay not supported, fallback to 0 delay
I (831) wifi:mode : sta (a4:cb:8f:cf:cd:5c)
I (832) wifi:enable tsf
{"schema_version":1,"sequence":1,"uptime_us":2164270,"utc_valid":true,"utc":"2026-01-06T08:05:39Z","source":"m1","event":"status","mode":"normal","status":"FAILED","device_id":"c1810c76790e","app":"7bae861-dirty","idf":"v6.0.2","toolchain":"gcc-15.2.0","image_sha256":"ba8d651d9c7372dd7439e69e0b6b092c327c52c1e7bef68c38bf1a5dca55310f","partitions":true,"reset_reason":11,"tf":"READY","wifi":"UNCONFIG","rtc":true,"shtc3":true,"sensor_valid":true,"temperature_tenths_c":274,"humidity_tenths_percent":380,"key_short":0,"key_long":0,"crc32c":"2ac2a21e"}
[5nI (3625) frame-m1: services board=ESP_OK storage=ESP_OK wifi=ESP_OK display=ESP_OK console=ESP_OK


Type 'help' to get the list of commands.

Use UP/DOWN arrows to navigate through command history.

Press TAB when typing command name to auto-complete.



Your terminal application does not support escape sequences.

Line editing and history features are disabled.

On Windows, try using Windows Terminal or Putty instead.

I (3626) main_task: Returned from app_main()
frame>  
frame>  
frame>  status --json
{"schema_version":1,"firmware":"0.1.0-dev.1","idf":"v6.0.2","toolchain":"gcc-15.2.0","device_id":"c1810c76790e","health":"OK","target_ok":true,"cores":2,"flash_bytes":16777216,"psram_bytes":8388608,"partitions_ok":true,"reset_reason":11,"display":"OK","tf":"READY","rtc":true,"rtc_valid":true,"utc":"2026-01-06T08:05:39Z","shtc3":true,"sensor_valid":true,"wifi":"UNCONFIG","credentials_persisted":false,"tf_logging":true,"logging_error":0,"temperature_tenths_c":274,"humidity_tenths_percent":380,"key_short":0,"key_long":0,"elf_sha256":"2cb245f67e7290c680ea5cd4582af8c0417a1cdea44d7d6d47b0aa3dcc63feb9","image_sha256":"ba8d651d9c7372dd7439e69e0b6b092c327c52c1e7bef68c38bf1a5dca55310f"}
frame>  
frame>  18:17:46 b-rerun round 1 taken; waiting 15s (> board_service read_rtc 10s cadence)
{"schema_version":1,"sequence":2,"uptime_us":12180205,"utc_valid":true,"utc":"2026-01-06T08:05:49Z","source":"m1","event":"status","mode":"normal","status":"OK","device_id":"c1810c76790e","app":"7bae861-dirty","idf":"v6.0.2","toolchain":"gcc-15.2.0","image_sha256":"ba8d651d9c7372dd7439e69e0b6b092c327c52c1e7bef68c38bf1a5dca55310f","partitions":true,"reset_reason":11,"tf":"READY","wifi":"UNCONFIG","rtc":true,"shtc3":true,"sensor_valid":true,"temperature_tenths_c":273,"humidity_tenths_percent":380,"key_short":0,"key_long":0,"crc32c":"cba94c63"}
{"schema_version":1,"sequence":3,"uptime_us":22195214,"utc_valid":true,"utc":"2026-01-06T08:05:59Z","source":"m1","event":"status","mode":"normal","status":"OK","device_id":"c1810c76790e","app":"7bae861-dirty","idf":"v6.0.2","toolchain":"gcc-15.2.0","image_sha256":"ba8d651d9c7372dd7439e69e0b6b092c327c52c1e7bef68c38bf1a5dca55310f","partitions":true,"reset_reason":11,"tf":"READY","wifi":"UNCONFIG","rtc":true,"shtc3":true,"sensor_valid":true,"temperature_tenths_c":274,"humidity_tenths_percent":380,"key_short":0,"key_long":0,"crc32c":"98a6ba17"}

frame>  
frame>  status --json
{"schema_version":1,"firmware":"0.1.0-dev.1","idf":"v6.0.2","toolchain":"gcc-15.2.0","device_id":"c1810c76790e","health":"OK","target_ok":true,"cores":2,"flash_bytes":16777216,"psram_bytes":8388608,"partitions_ok":true,"reset_reason":11,"display":"OK","tf":"READY","rtc":true,"rtc_valid":true,"utc":"2026-01-06T08:05:59Z","shtc3":true,"sensor_valid":true,"wifi":"UNCONFIG","credentials_persisted":false,"tf_logging":true,"logging_error":0,"temperature_tenths_c":274,"humidity_tenths_percent":380,"key_short":0,"key_long":0,"elf_sha256":"2cb245f67e7290c680ea5cd4582af8c0417a1cdea44d7d6d47b0aa3dcc63feb9","image_sha256":"ba8d651d9c7372dd7439e69e0b6b092c327c52c1e7bef68c38bf1a5dca55310f"}
frame>  
frame>  18:18:05 [note-b] earlier [FAIL-b] superseded: harness sampled utc 3s apart while board_service.cc:256 refreshes rtc.unix_seconds every 10s; device utc is live (telemetry timeline advances 10s/line). rerun utc r1=2026-01-06T08:05:39Z r2=2026-01-06T08:05:59Z
18:18:05 [PASS-b] rerun 15s-spaced rounds: rtc_valid=True, utc=2026-01-06T08:05:39Z -> 2026-01-06T08:05:59Z (advanced=True), partitions_ok=True, sensor_valid=True, temp=274, hum=380
18:18:05 [note-d] original d-window (18:13:26-18:14:56) saw no TF state change for 90s (user unavailable); capture script then crashed on a None-format bug before writing the marker - defect is in the throwaway harness, not the device
18:18:05 >>> FOR BOOT TEST (PASS-e): PLEASE PULL TF CARD NOW AND KEEP IT OUT

frame>  
frame>  status --json
{"schema_version":1,"firmware":"0.1.0-dev.1","idf":"v6.0.2","toolchain":"gcc-15.2.0","device_id":"c1810c76790e","health":"OK","target_ok":true,"cores":2,"flash_bytes":16777216,"psram_bytes":8388608,"partitions_ok":true,"reset_reason":11,"display":"OK","tf":"READY","rtc":true,"rtc_valid":true,"utc":"2026-01-06T08:05:59Z","shtc3":true,"sensor_valid":true,"wifi":"UNCONFIG","credentials_persisted":false,"tf_logging":true,"logging_error":0,"temperature_tenths_c":274,"humidity_tenths_percent":380,"key_short":0,"key_long":0,"elf_sha256":"2cb245f67e7290c680ea5cd4582af8c0417a1cdea44d7d6d47b0aa3dcc63feb9","image_sha256":"ba8d651d9c7372dd7439e69e0b6b092c327c52c1e7bef68c38bf1a5dca55310f"}
frame>  
frame>  {"schema_version":1,"sequence":4,"uptime_us":32210186,"utc_valid":true,"utc":"2026-01-06T08:06:09Z","source":"m1","event":"status","mode":"normal","status":"OK","device_id":"c1810c76790e","app":"7bae861-dirty","idf":"v6.0.2","toolchain":"gcc-15.2.0","image_sha256":"ba8d651d9c7372dd7439e69e0b6b092c327c52c1e7bef68c38bf1a5dca55310f","partitions":true,"reset_reason":11,"tf":"READY","wifi":"UNCONFIG","rtc":true,"shtc3":true,"sensor_valid":true,"temperature_tenths_c":274,"humidity_tenths_percent":380,"key_short":0,"key_long":0,"crc32c":"d417ae85"}

frame>  
frame>  status --json
{"schema_version":1,"firmware":"0.1.0-dev.1","idf":"v6.0.2","toolchain":"gcc-15.2.0","device_id":"c1810c76790e","health":"OK","target_ok":true,"cores":2,"flash_bytes":16777216,"psram_bytes":8388608,"partitions_ok":true,"reset_reason":11,"display":"OK","tf":"READY","rtc":true,"rtc_valid":true,"utc":"2026-01-06T08:06:09Z","shtc3":true,"sensor_valid":true,"wifi":"UNCONFIG","credentials_persisted":false,"tf_logging":true,"logging_error":0,"temperature_tenths_c":274,"humidity_tenths_percent":380,"key_short":0,"key_long":0,"elf_sha256":"2cb245f67e7290c680ea5cd4582af8c0417a1cdea44d7d6d47b0aa3dcc63feb9","image_sha256":"ba8d651d9c7372dd7439e69e0b6b092c327c52c1e7bef68c38bf1a5dca55310f"}
frame>  
frame>  
frame>  
frame>  status --json
{"schema_version":1,"firmware":"0.1.0-dev.1","idf":"v6.0.2","toolchain":"gcc-15.2.0","device_id":"c1810c76790e","health":"OK","target_ok":true,"cores":2,"flash_bytes":16777216,"psram_bytes":8388608,"partitions_ok":true,"reset_reason":11,"display":"OK","tf":"READY","rtc":true,"rtc_valid":true,"utc":"2026-01-06T08:06:19Z","shtc3":true,"sensor_valid":true,"wifi":"UNCONFIG","credentials_persisted":false,"tf_logging":true,"logging_error":0,"temperature_tenths_c":273,"humidity_tenths_percent":380,"key_short":0,"key_long":0,"elf_sha256":"2cb245f67e7290c680ea5cd4582af8c0417a1cdea44d7d6d47b0aa3dcc63feb9","image_sha256":"ba8d651d9c7372dd7439e69e0b6b092c327c52c1e7bef68c38bf1a5dca55310f"}
frame>  
frame>  {"schema_version":1,"sequence":5,"uptime_us":42225273,"utc_valid":true,"utc":"2026-01-06T08:06:19Z","source":"m1","event":"status","mode":"normal","status":"OK","device_id":"c1810c76790e","app":"7bae861-dirty","idf":"v6.0.2","toolchain":"gcc-15.2.0","image_sha256":"ba8d651d9c7372dd7439e69e0b6b092c327c52c1e7bef68c38bf1a5dca55310f","partitions":true,"reset_reason":11,"tf":"READY","wifi":"UNCONFIG","rtc":true,"shtc3":true,"sensor_valid":true,"temperature_tenths_c":273,"humidity_tenths_percent":380,"key_short":0,"key_long":0,"crc32c":"a57485bf"}

frame>  
frame>  status --json
{"schema_version":1,"firmware":"0.1.0-dev.1","idf":"v6.0.2","toolchain":"gcc-15.2.0","device_id":"c1810c76790e","health":"OK","target_ok":true,"cores":2,"flash_bytes":16777216,"psram_bytes":8388608,"partitions_ok":true,"reset_reason":11,"display":"OK","tf":"READY","rtc":true,"rtc_valid":true,"utc":"2026-01-06T08:06:19Z","shtc3":true,"sensor_valid":true,"wifi":"UNCONFIG","credentials_persisted":false,"tf_logging":true,"logging_error":0,"temperature_tenths_c":273,"humidity_tenths_percent":380,"key_short":0,"key_long":0,"elf_sha256":"2cb245f67e7290c680ea5cd4582af8c0417a1cdea44d7d6d47b0aa3dcc63feb9","image_sha256":"ba8d651d9c7372dd7439e69e0b6b092c327c52c1e7bef68c38bf1a5dca55310f"}
frame>  
frame>  {"schema_version":1,"sequence":6,"uptime_us":52240238,"utc_valid":true,"utc":"2026-01-06T08:06:29Z","source":"m1","event":"status","mode":"normal","status":"OK","device_id":"c1810c76790e","app":"7bae861-dirty","idf":"v6.0.2","toolchain":"gcc-15.2.0","image_sha256":"ba8d651d9c7372dd7439e69e0b6b092c327c52c1e7bef68c38bf1a5dca55310f","partitions":true,"reset_reason":11,"tf":"READY","wifi":"UNCONFIG","rtc":true,"shtc3":true,"sensor_valid":true,"temperature_tenths_c":274,"humidity_tenths_percent":381,"key_short":0,"key_long":0,"crc32c":"61fcd2e2"}

frame>  
frame>  status --json
{"schema_version":1,"firmware":"0.1.0-dev.1","idf":"v6.0.2","toolchain":"gcc-15.2.0","device_id":"c1810c76790e","health":"OK","target_ok":true,"cores":2,"flash_bytes":16777216,"psram_bytes":8388608,"partitions_ok":true,"reset_reason":11,"display":"OK","tf":"READY","rtc":true,"rtc_valid":true,"utc":"2026-01-06T08:06:29Z","shtc3":true,"sensor_valid":true,"wifi":"UNCONFIG","credentials_persisted":false,"tf_logging":true,"logging_error":0,"temperature_tenths_c":274,"humidity_tenths_percent":381,"key_short":0,"key_long":0,"elf_sha256":"2cb245f67e7290c680ea5cd4582af8c0417a1cdea44d7d6d47b0aa3dcc63feb9","image_sha256":"ba8d651d9c7372dd7439e69e0b6b092c327c52c1e7bef68c38bf1a5dca55310f"}
frame>  
frame>  
frame>  
frame>  status --json
{"schema_version":1,"firmware":"0.1.0-dev.1","idf":"v6.0.2","toolchain":"gcc-15.2.0","device_id":"c1810c76790e","health":"OK","target_ok":true,"cores":2,"flash_bytes":16777216,"psram_bytes":8388608,"partitions_ok":true,"reset_reason":11,"display":"OK","tf":"READY","rtc":true,"rtc_valid":true,"utc":"2026-01-06T08:06:29Z","shtc3":true,"sensor_valid":true,"wifi":"UNCONFIG","credentials_persisted":false,"tf_logging":true,"logging_error":0,"temperature_tenths_c":274,"humidity_tenths_percent":381,"key_short":0,"key_long":0,"elf_sha256":"2cb245f67e7290c680ea5cd4582af8c0417a1cdea44d7d6d47b0aa3dcc63feb9","image_sha256":"ba8d651d9c7372dd7439e69e0b6b092c327c52c1e7bef68c38bf1a5dca55310f"}
frame>  
frame>  {"schema_version":1,"sequence":7,"uptime_us":62255189,"utc_valid":true,"utc":"2026-01-06T08:06:39Z","source":"m1","event":"status","mode":"normal","status":"OK","device_id":"c1810c76790e","app":"7bae861-dirty","idf":"v6.0.2","toolchain":"gcc-15.2.0","image_sha256":"ba8d651d9c7372dd7439e69e0b6b092c327c52c1e7bef68c38bf1a5dca55310f","partitions":true,"reset_reason":11,"tf":"READY","wifi":"UNCONFIG","rtc":true,"shtc3":true,"sensor_valid":true,"temperature_tenths_c":274,"humidity_tenths_percent":381,"key_short":0,"key_long":0,"crc32c":"98001d0e"}

frame>  
frame>  status --json
{"schema_version":1,"firmware":"0.1.0-dev.1","idf":"v6.0.2","toolchain":"gcc-15.2.0","device_id":"c1810c76790e","health":"OK","target_ok":true,"cores":2,"flash_bytes":16777216,"psram_bytes":8388608,"partitions_ok":true,"reset_reason":11,"display":"OK","tf":"READY","rtc":true,"rtc_valid":true,"utc":"2026-01-06T08:06:39Z","shtc3":true,"sensor_valid":true,"wifi":"UNCONFIG","credentials_persisted":false,"tf_logging":true,"logging_error":0,"temperature_tenths_c":274,"humidity_tenths_percent":381,"key_short":0,"key_long":0,"elf_sha256":"2cb245f67e7290c680ea5cd4582af8c0417a1cdea44d7d6d47b0aa3dcc63feb9","image_sha256":"ba8d651d9c7372dd7439e69e0b6b092c327c52c1e7bef68c38bf1a5dca55310f"}
frame>  
frame>  
frame>  
frame>  status --json
{"schema_version":1,"firmware":"0.1.0-dev.1","idf":"v6.0.2","toolchain":"gcc-15.2.0","device_id":"c1810c76790e","health":"OK","target_ok":true,"cores":2,"flash_bytes":16777216,"psram_bytes":8388608,"partitions_ok":true,"reset_reason":11,"display":"OK","tf":"READY","rtc":true,"rtc_valid":true,"utc":"2026-01-06T08:06:49Z","shtc3":true,"sensor_valid":true,"wifi":"UNCONFIG","credentials_persisted":false,"tf_logging":true,"logging_error":0,"temperature_tenths_c":274,"humidity_tenths_percent":382,"key_short":0,"key_long":0,"elf_sha256":"2cb245f67e7290c680ea5cd4582af8c0417a1cdea44d7d6d47b0aa3dcc63feb9","image_sha256":"ba8d651d9c7372dd7439e69e0b6b092c327c52c1e7bef68c38bf1a5dca55310f"}
frame>  
frame>  {"schema_version":1,"sequence":8,"uptime_us":72270271,"utc_valid":true,"utc":"2026-01-06T08:06:49Z","source":"m1","event":"status","mode":"normal","status":"OK","device_id":"c1810c76790e","app":"7bae861-dirty","idf":"v6.0.2","toolchain":"gcc-15.2.0","image_sha256":"ba8d651d9c7372dd7439e69e0b6b092c327c52c1e7bef68c38bf1a5dca55310f","partitions":true,"reset_reason":11,"tf":"READY","wifi":"UNCONFIG","rtc":true,"shtc3":true,"sensor_valid":true,"temperature_tenths_c":274,"humidity_tenths_percent":382,"key_short":0,"key_long":0,"crc32c":"51056b78"}

frame>  
frame>  status --json
{"schema_version":1,"firmware":"0.1.0-dev.1","idf":"v6.0.2","toolchain":"gcc-15.2.0","device_id":"c1810c76790e","health":"OK","target_ok":true,"cores":2,"flash_bytes":16777216,"psram_bytes":8388608,"partitions_ok":true,"reset_reason":11,"display":"OK","tf":"READY","rtc":true,"rtc_valid":true,"utc":"2026-01-06T08:06:49Z","shtc3":true,"sensor_valid":true,"wifi":"UNCONFIG","credentials_persisted":false,"tf_logging":true,"logging_error":0,"temperature_tenths_c":274,"humidity_tenths_percent":382,"key_short":0,"key_long":0,"elf_sha256":"2cb245f67e7290c680ea5cd4582af8c0417a1cdea44d7d6d47b0aa3dcc63feb9","image_sha256":"ba8d651d9c7372dd7439e69e0b6b092c327c52c1e7bef68c38bf1a5dca55310f"}
frame>  
frame>  {"schema_version":1,"sequence":9,"uptime_us":82288244,"utc_valid":true,"utc":"2026-01-06T08:06:59Z","source":"m1","event":"status","mode":"normal","status":"OK","device_id":"c1810c76790e","app":"7bae861-dirty","idf":"v6.0.2","toolchain":"gcc-15.2.0","image_sha256":"ba8d651d9c7372dd7439e69e0b6b092c327c52c1e7bef68c38bf1a5dca55310f","partitions":true,"reset_reason":11,"tf":"READY","wifi":"UNCONFIG","rtc":true,"shtc3":true,"sensor_valid":true,"temperature_tenths_c":274,"humidity_tenths_percent":382,"key_short":0,"key_long":0,"crc32c":"f2f651d0"}

frame>  
frame>  status --json
{"schema_version":1,"firmware":"0.1.0-dev.1","idf":"v6.0.2","toolchain":"gcc-15.2.0","device_id":"c1810c76790e","health":"OK","target_ok":true,"cores":2,"flash_bytes":16777216,"psram_bytes":8388608,"partitions_ok":true,"reset_reason":11,"display":"OK","tf":"READY","rtc":true,"rtc_valid":true,"utc":"2026-01-06T08:06:59Z","shtc3":true,"sensor_valid":true,"wifi":"UNCONFIG","credentials_persisted":false,"tf_logging":true,"logging_error":0,"temperature_tenths_c":274,"humidity_tenths_percent":382,"key_short":0,"key_long":0,"elf_sha256":"2cb245f67e7290c680ea5cd4582af8c0417a1cdea44d7d6d47b0aa3dcc63feb9","image_sha256":"ba8d651d9c7372dd7439e69e0b6b092c327c52c1e7bef68c38bf1a5dca55310f"}
frame>  
frame>  
frame>  
frame>  status --json
{"schema_version":1,"firmware":"0.1.0-dev.1","idf":"v6.0.2","toolchain":"gcc-15.2.0","device_id":"c1810c76790e","health":"OK","target_ok":true,"cores":2,"flash_bytes":16777216,"psram_bytes":8388608,"partitions_ok":true,"reset_reason":11,"display":"OK","tf":"READY","rtc":true,"rtc_valid":true,"utc":"2026-01-06T08:06:59Z","shtc3":true,"sensor_valid":true,"wifi":"UNCONFIG","credentials_persisted":false,"tf_logging":true,"logging_error":0,"temperature_tenths_c":274,"humidity_tenths_percent":382,"key_short":0,"key_long":0,"elf_sha256":"2cb245f67e7290c680ea5cd4582af8c0417a1cdea44d7d6d47b0aa3dcc63feb9","image_sha256":"ba8d651d9c7372dd7439e69e0b6b092c327c52c1e7bef68c38bf1a5dca55310f"}
frame>  
frame>  {"schema_version":1,"sequence":10,"uptime_us":92303188,"utc_valid":true,"utc":"2026-01-06T08:07:09Z","source":"m1","event":"status","mode":"normal","status":"OK","device_id":"c1810c76790e","app":"7bae861-dirty","idf":"v6.0.2","toolchain":"gcc-15.2.0","image_sha256":"ba8d651d9c7372dd7439e69e0b6b092c327c52c1e7bef68c38bf1a5dca55310f","partitions":true,"reset_reason":11,"tf":"READY","wifi":"UNCONFIG","rtc":true,"shtc3":true,"sensor_valid":true,"temperature_tenths_c":274,"humidity_tenths_percent":382,"key_short":0,"key_long":0,"crc32c":"e02ca4eb"}

frame>  
frame>  status --json
{"schema_version":1,"firmware":"0.1.0-dev.1","idf":"v6.0.2","toolchain":"gcc-15.2.0","device_id":"c1810c76790e","health":"OK","target_ok":true,"cores":2,"flash_bytes":16777216,"psram_bytes":8388608,"partitions_ok":true,"reset_reason":11,"display":"OK","tf":"READY","rtc":true,"rtc_valid":true,"utc":"2026-01-06T08:07:09Z","shtc3":true,"sensor_valid":true,"wifi":"UNCONFIG","credentials_persisted":false,"tf_logging":true,"logging_error":0,"temperature_tenths_c":274,"humidity_tenths_percent":382,"key_short":0,"key_long":0,"elf_sha256":"2cb245f67e7290c680ea5cd4582af8c0417a1cdea44d7d6d47b0aa3dcc63feb9","image_sha256":"ba8d651d9c7372dd7439e69e0b6b092c327c52c1e7bef68c38bf1a5dca55310f"}
frame>  
frame>  
frame>  
frame>  status --json
{"schema_version":1,"firmware":"0.1.0-dev.1","idf":"v6.0.2","toolchain":"gcc-15.2.0","device_id":"c1810c76790e","health":"OK","target_ok":true,"cores":2,"flash_bytes":16777216,"psram_bytes":8388608,"partitions_ok":true,"reset_reason":11,"display":"OK","tf":"READY","rtc":true,"rtc_valid":true,"utc":"2026-01-06T08:07:19Z","shtc3":true,"sensor_valid":true,"wifi":"UNCONFIG","credentials_persisted":false,"tf_logging":true,"logging_error":0,"temperature_tenths_c":274,"humidity_tenths_percent":383,"key_short":0,"key_long":0,"elf_sha256":"2cb245f67e7290c680ea5cd4582af8c0417a1cdea44d7d6d47b0aa3dcc63feb9","image_sha256":"ba8d651d9c7372dd7439e69e0b6b092c327c52c1e7bef68c38bf1a5dca55310f"}
frame>  
frame>  {"schema_version":1,"sequence":11,"uptime_us":102318273,"utc_valid":true,"utc":"2026-01-06T08:07:19Z","source":"m1","event":"status","mode":"normal","status":"OK","device_id":"c1810c76790e","app":"7bae861-dirty","idf":"v6.0.2","toolchain":"gcc-15.2.0","image_sha256":"ba8d651d9c7372dd7439e69e0b6b092c327c52c1e7bef68c38bf1a5dca55310f","partitions":true,"reset_reason":11,"tf":"READY","wifi":"UNCONFIG","rtc":true,"shtc3":true,"sensor_valid":true,"temperature_tenths_c":274,"humidity_tenths_percent":383,"key_short":0,"key_long":0,"crc32c":"0bfab80b"}

frame>  
frame>  status --json
{"schema_version":1,"firmware":"0.1.0-dev.1","idf":"v6.0.2","toolchain":"gcc-15.2.0","device_id":"c1810c76790e","health":"OK","target_ok":true,"cores":2,"flash_bytes":16777216,"psram_bytes":8388608,"partitions_ok":true,"reset_reason":11,"display":"OK","tf":"READY","rtc":true,"rtc_valid":true,"utc":"2026-01-06T08:07:19Z","shtc3":true,"sensor_valid":true,"wifi":"UNCONFIG","credentials_persisted":false,"tf_logging":true,"logging_error":0,"temperature_tenths_c":274,"humidity_tenths_percent":383,"key_short":0,"key_long":0,"elf_sha256":"2cb245f67e7290c680ea5cd4582af8c0417a1cdea44d7d6d47b0aa3dcc63feb9","image_sha256":"ba8d651d9c7372dd7439e69e0b6b092c327c52c1e7bef68c38bf1a5dca55310f"}
frame>  
frame>  {"schema_version":1,"sequence":12,"uptime_us":112333223,"utc_valid":true,"utc":"2026-01-06T08:07:29Z","source":"m1","event":"status","mode":"normal","status":"OK","device_id":"c1810c76790e","app":"7bae861-dirty","idf":"v6.0.2","toolchain":"gcc-15.2.0","image_sha256":"ba8d651d9c7372dd7439e69e0b6b092c327c52c1e7bef68c38bf1a5dca55310f","partitions":true,"reset_reason":11,"tf":"READY","wifi":"UNCONFIG","rtc":true,"shtc3":true,"sensor_valid":true,"temperature_tenths_c":273,"humidity_tenths_percent":384,"key_short":0,"key_long":0,"crc32c":"76bb6254"}

frame>  
frame>  status --json
{"schema_version":1,"firmware":"0.1.0-dev.1","idf":"v6.0.2","toolchain":"gcc-15.2.0","device_id":"c1810c76790e","health":"OK","target_ok":true,"cores":2,"flash_bytes":16777216,"psram_bytes":8388608,"partitions_ok":true,"reset_reason":11,"display":"OK","tf":"READY","rtc":true,"rtc_valid":true,"utc":"2026-01-06T08:07:29Z","shtc3":true,"sensor_valid":true,"wifi":"UNCONFIG","credentials_persisted":false,"tf_logging":true,"logging_error":0,"temperature_tenths_c":273,"humidity_tenths_percent":384,"key_short":0,"key_long":0,"elf_sha256":"2cb245f67e7290c680ea5cd4582af8c0417a1cdea44d7d6d47b0aa3dcc63feb9","image_sha256":"ba8d651d9c7372dd7439e69e0b6b092c327c52c1e7bef68c38bf1a5dca55310f"}
frame>  
frame>  
frame>  
frame>  status --json
{"schema_version":1,"firmware":"0.1.0-dev.1","idf":"v6.0.2","toolchain":"gcc-15.2.0","device_id":"c1810c76790e","health":"OK","target_ok":true,"cores":2,"flash_bytes":16777216,"psram_bytes":8388608,"partitions_ok":true,"reset_reason":11,"display":"OK","tf":"READY","rtc":true,"rtc_valid":true,"utc":"2026-01-06T08:07:29Z","shtc3":true,"sensor_valid":true,"wifi":"UNCONFIG","credentials_persisted":false,"tf_logging":true,"logging_error":0,"temperature_tenths_c":273,"humidity_tenths_percent":384,"key_short":0,"key_long":0,"elf_sha256":"2cb245f67e7290c680ea5cd4582af8c0417a1cdea44d7d6d47b0aa3dcc63feb9","image_sha256":"ba8d651d9c7372dd7439e69e0b6b092c327c52c1e7bef68c38bf1a5dca55310f"}
frame>  
frame>  {"schema_version":1,"sequence":13,"uptime_us":122348191,"utc_valid":true,"utc":"2026-01-06T08:07:39Z","source":"m1","event":"status","mode":"normal","status":"OK","device_id":"c1810c76790e","app":"7bae861-dirty","idf":"v6.0.2","toolchain":"gcc-15.2.0","image_sha256":"ba8d651d9c7372dd7439e69e0b6b092c327c52c1e7bef68c38bf1a5dca55310f","partitions":true,"reset_reason":11,"tf":"READY","wifi":"UNCONFIG","rtc":true,"shtc3":true,"sensor_valid":true,"temperature_tenths_c":274,"humidity_tenths_percent":384,"key_short":0,"key_long":0,"crc32c":"bc33eb46"}

frame>  
frame>  status --json
{"schema_version":1,"firmware":"0.1.0-dev.1","idf":"v6.0.2","toolchain":"gcc-15.2.0","device_id":"c1810c76790e","health":"OK","target_ok":true,"cores":2,"flash_bytes":16777216,"psram_bytes":8388608,"partitions_ok":true,"reset_reason":11,"display":"OK","tf":"READY","rtc":true,"rtc_valid":true,"utc":"2026-01-06T08:07:39Z","shtc3":true,"sensor_valid":true,"wifi":"UNCONFIG","credentials_persisted":false,"tf_logging":true,"logging_error":0,"temperature_tenths_c":274,"humidity_tenths_percent":384,"key_short":0,"key_long":0,"elf_sha256":"2cb245f67e7290c680ea5cd4582af8c0417a1cdea44d7d6d47b0aa3dcc63feb9","image_sha256":"ba8d651d9c7372dd7439e69e0b6b092c327c52c1e7bef68c38bf1a5dca55310f"}
frame>  
frame>  
frame>  
frame>  status --json
{"schema_version":1,"firmware":"0.1.0-dev.1","idf":"v6.0.2","toolchain":"gcc-15.2.0","device_id":"c1810c76790e","health":"OK","target_ok":true,"cores":2,"flash_bytes":16777216,"psram_bytes":8388608,"partitions_ok":true,"reset_reason":11,"display":"OK","tf":"READY","rtc":true,"rtc_valid":true,"utc":"2026-01-06T08:07:49Z","shtc3":true,"sensor_valid":true,"wifi":"UNCONFIG","credentials_persisted":false,"tf_logging":true,"logging_error":0,"temperature_tenths_c":273,"humidity_tenths_percent":385,"key_short":0,"key_long":0,"elf_sha256":"2cb245f67e7290c680ea5cd4582af8c0417a1cdea44d7d6d47b0aa3dcc63feb9","image_sha256":"ba8d651d9c7372dd7439e69e0b6b092c327c52c1e7bef68c38bf1a5dca55310f"}
frame>  
frame>  {"schema_version":1,"sequence":14,"uptime_us":132363272,"utc_valid":true,"utc":"2026-01-06T08:07:49Z","source":"m1","event":"status","mode":"normal","status":"OK","device_id":"c1810c76790e","app":"7bae861-dirty","idf":"v6.0.2","toolchain":"gcc-15.2.0","image_sha256":"ba8d651d9c7372dd7439e69e0b6b092c327c52c1e7bef68c38bf1a5dca55310f","partitions":true,"reset_reason":11,"tf":"READY","wifi":"UNCONFIG","rtc":true,"shtc3":true,"sensor_valid":true,"temperature_tenths_c":273,"humidity_tenths_percent":385,"key_short":0,"key_long":0,"crc32c":"d22799f9"}

frame>  
frame>  status --json
{"schema_version":1,"firmware":"0.1.0-dev.1","idf":"v6.0.2","toolchain":"gcc-15.2.0","device_id":"c1810c76790e","health":"OK","target_ok":true,"cores":2,"flash_bytes":16777216,"psram_bytes":8388608,"partitions_ok":true,"reset_reason":11,"display":"OK","tf":"READY","rtc":true,"rtc_valid":true,"utc":"2026-01-06T08:07:49Z","shtc3":true,"sensor_valid":true,"wifi":"UNCONFIG","credentials_persisted":false,"tf_logging":true,"logging_error":0,"temperature_tenths_c":273,"humidity_tenths_percent":385,"key_short":0,"key_long":0,"elf_sha256":"2cb245f67e7290c680ea5cd4582af8c0417a1cdea44d7d6d47b0aa3dcc63feb9","image_sha256":"ba8d651d9c7372dd7439e69e0b6b092c327c52c1e7bef68c38bf1a5dca55310f"}
frame>  
frame>  {"schema_version":1,"sequence":15,"uptime_us":142381243,"utc_valid":true,"utc":"2026-01-06T08:07:59Z","source":"m1","event":"status","mode":"normal","status":"OK","device_id":"c1810c76790e","app":"7bae861-dirty","idf":"v6.0.2","toolchain":"gcc-15.2.0","image_sha256":"ba8d651d9c7372dd7439e69e0b6b092c327c52c1e7bef68c38bf1a5dca55310f","partitions":true,"reset_reason":11,"tf":"READY","wifi":"UNCONFIG","rtc":true,"shtc3":true,"sensor_valid":true,"temperature_tenths_c":274,"humidity_tenths_percent":385,"key_short":0,"key_long":0,"crc32c":"32fe6f9b"}

frame>  
frame>  status --json
{"schema_version":1,"firmware":"0.1.0-dev.1","idf":"v6.0.2","toolchain":"gcc-15.2.0","device_id":"c1810c76790e","health":"OK","target_ok":true,"cores":2,"flash_bytes":16777216,"psram_bytes":8388608,"partitions_ok":true,"reset_reason":11,"display":"OK","tf":"READY","rtc":true,"rtc_valid":true,"utc":"2026-01-06T08:07:59Z","shtc3":true,"sensor_valid":true,"wifi":"UNCONFIG","credentials_persisted":false,"tf_logging":true,"logging_error":0,"temperature_tenths_c":274,"humidity_tenths_percent":385,"key_short":0,"key_long":0,"elf_sha256":"2cb245f67e7290c680ea5cd4582af8c0417a1cdea44d7d6d47b0aa3dcc63feb9","image_sha256":"ba8d651d9c7372dd7439e69e0b6b092c327c52c1e7bef68c38bf1a5dca55310f"}
frame>  
frame>  18:20:05 [DEFERRED-d] no TF state change observed in either d-window (user unavailable); deferred
18:20:05 [DEFERRED-e] no TF state change observed after pull request (user unavailable); deferred
=== T5 SUMMARY (2026-08-30) ===
device: c1810c76790e | final build: fix-only (DIAG instrumentation removed), bin 0x135070 bytes
root cause: append_status_log buffer char line[512] < format_status_log payload (~549-555 B with
  real values: 64-hex image_sha256 + 12-hex device_id + utc + counters + crc32c suffix) ->
  truncation guard returned 0 -> ESP_FAIL BEFORE UART mirror and BEFORE any FAT/FS call.
  On-device proof (diagnostic build): 'W (2849) frame-sd: DIAG format_status_log=0 (buffer=512)'
  every 10s, zero telemetry lines. FATFS LFN hypothesis DISPROVEN: generated
  build/default/sdkconfig already had CONFIG_FATFS_LFN_HEAP=y + CONFIG_FATFS_MAX_LFN=128;
  failure preceded the fopen entirely.
fix: sd_service.cc append_status_log char line[512] -> char line[640] (single-line change +
  one sizing comment). sdkconfig.defaults UNCHANGED. README UNCHANGED. No other files touched.
[PASS-a] telemetry n=4 in 45s boot window, schema=1, event=status, crc32c 8hex all,
  sequence strictly increasing [1,3,4,5] (seq 2 present in raw log behind a REPL prompt
  prefix), first JSONL 3.7s after reset, cadence 2 lines/25s watch, status --json
  tf_logging=true logging_error=0
[PASS-b] rerun with 15s spacing (board_service.cc:256 refreshes rtc.unix_seconds every 10s;
  first attempt's FAIL-b was a harness sampling artifact, superseded): rtc_valid=true,
  utc 2026-01-06T08:05:39Z -> 08:05:59Z advanced, format ok, partitions_ok=true,
  sensor_valid=true, SHTC3 27.4 C / 38.0 %. NOTE: RTC is free-running unsynced (2026-01-06
  epoch, no NTP/time source in M1) - validity+liveness asserted, wall-clock accuracy out of scope.
[DEFERRED-c] user unavailable: zero KEY presses observed during the 180s window (18:10:22-18:13:26)
[DEFERRED-d] user unavailable: no TF state change during the single 90s window
  (18:13:26-18:14:56); the throwaway harness then crashed on a None-format bug before writing
  the marker (defect in harness, not device); the follow-up offered a fresh transition window
  but it never opened because the PASS-e pull request also timed out with no user action
[DEFERRED-e] user unavailable: no TF pull within the 120s absent-boot window (18:18:05-18:20:05)
=== END SUMMARY ===
